Component: ARM Compiler 5.06 update 3 (build 300) Tool: armlink [4d35c9]

==============================================================================

Section Cross References

    utils.o(i._Z3mapfffff) refers to utils.o(i._Z4normfff) for norm(float, float, float)
    utils.o(i._Z3mapfffff) refers to utils.o(i._Z4lerpfff) for lerp(float, float, float)
    utils.o(i._Z9randrangeii) refers to rand.o(.emb_text) for rand
    utils.o(.ARM.exidx) refers to utils.o(i._Z4normfff) for i._Z4normfff
    utils.o(.ARM.exidx) refers to utils.o(i._Z4lerpfff) for i._Z4lerpfff
    utils.o(.ARM.exidx) refers to utils.o(i._Z3mapfffff) for i._Z3mapfffff
    utils.o(.ARM.exidx) refers to utils.o(i._Z9randrangeii) for i._Z9randrangeii
    utils.o(.ARM.exidx) refers to utils.o(i._Z7radiansf) for i._Z7radiansf
    controller.o(i._Z24buttonPressedAndReleased10joystick_t) refers to assert.o(i.mbed_assert_internal) for mbed_assert_internal
    controller.o(i._Z24buttonPressedAndReleased10joystick_t) refers to controller.o(.bss) for joystick
    controller.o(i._Z24buttonPressedAndReleased10joystick_t) refers to controller.o(.conststring) for .conststring
    controller.o(i._Z24buttonPressedAndReleased10joystick_t) refers to controller.o(.data) for savedState
    controller.o(i._Z8controlsv) refers to controller.o(i._Z24buttonPressedAndReleased10joystick_t) for buttonPressedAndReleased(joystick_t)
    controller.o(i._Z8controlsv) refers to model.o(i._Z11moveForwardv) for moveForward()
    controller.o(i._Z8controlsv) refers to model.o(i._Z13moveBackwardsv) for moveBackwards()
    controller.o(i._Z8controlsv) refers to model.o(i._Z9turnRightv) for turnRight()
    controller.o(i._Z8controlsv) refers to model.o(i._Z8turnLeftv) for turnLeft()
    controller.o(i._Z8controlsv) refers to model.o(i._Z11fireRocketsv) for fireRockets()
    controller.o(i._Z8controlsv) refers to asteroids.o(.data) for paused
    controller.o(i.__sti___14_controller_cpp_joystick) refers to controller.o(i._ZN4mbed9DigitalInC1E7PinName) for mbed::DigitalIn::DigitalIn(PinName)
    controller.o(i.__sti___14_controller_cpp_joystick) refers to controller.o(.bss) for joystick
    controller.o(.ARM.exidx) refers to controller.o(i._Z24buttonPressedAndReleased10joystick_t) for i._Z24buttonPressedAndReleased10joystick_t
    controller.o(.ARM.exidx) refers to controller.o(i._Z8controlsv) for i._Z8controlsv
    controller.o(.ARM.exidx) refers to controller.o(i.__sti___14_controller_cpp_joystick) for i.__sti___14_controller_cpp_joystick
    controller.o(.init_array) refers to controller.o(i.__sti___14_controller_cpp_joystick) for __sti___14_controller_cpp_joystick
    controller.o(.init_array) refers to init_aeabi.o(.text) for __cpp_initialize__aeabi_
    model.o(i._Z10movingShip4shipf) refers to asteroids.o(.bss) for player
    model.o(i._Z11damagedShipP4rock) refers to model.o(i._ZSt4sqrtf) for std::sqrt(float)
    model.o(i._Z11damagedShipP4rock) refers to asteroids.o(.bss) for player
    model.o(i._Z11fireRocketsv) refers to model.o(i._Z17locateMissileNodev) for locateMissileNode()
    model.o(i._Z11fireRocketsv) refers to model.o(i._Z11newMissilesP7missile) for newMissiles(missile*)
    model.o(i._Z11fireRocketsv) refers to model.o(i._Z17updateMissileListP7missile) for updateMissileList(missile*)
    model.o(i._Z11fireRocketsv) refers to asteroids.o(.data) for shots
    model.o(i._Z11hitAsteroidP7missileP4rock) refers to model.o(i._ZSt4sqrtf) for std::sqrt(float)
    model.o(i._Z11hitAsteroidP7missileP4rock) refers to asteroids.o(.data) for score
    model.o(i._Z11missileNodeP7missile) refers to model.o(.data) for freeMissileNodes
    model.o(i._Z11moveForwardv) refers to utils.o(i._Z7radiansf) for radians(float)
    model.o(i._Z11moveForwardv) refers to model.o(i._ZSt3sinf) for std::sin(float)
    model.o(i._Z11moveForwardv) refers to model.o(i._ZSt3cosf) for std::cos(float)
    model.o(i._Z11moveForwardv) refers to asteroids.o(.bss) for player
    model.o(i._Z11newMissilesP7missile) refers to utils.o(i._Z7radiansf) for radians(float)
    model.o(i._Z11newMissilesP7missile) refers to model.o(i._ZSt3sinf) for std::sin(float)
    model.o(i._Z11newMissilesP7missile) refers to model.o(i._ZSt3cosf) for std::cos(float)
    model.o(i._Z11newMissilesP7missile) refers to asteroids.o(.bss) for player
    model.o(i._Z12asteroidNodeP4rock) refers to model.o(.data) for freeRockNodes
    model.o(i._Z12initMissilesv) refers to model.o(.bss) for missileData
    model.o(i._Z12initMissilesv) refers to model.o(.data) for freeMissileNodes
    model.o(i._Z12newAsteroidsv) refers to model.o(i._Z14locateRockNodev) for locateRockNode()
    model.o(i._Z12newAsteroidsv) refers to utils.o(i._Z9randrangeii) for randrange(int, int)
    model.o(i._Z12newAsteroidsv) refers to model.o(i._Z14updateRockListP4rock) for updateRockList(rock*)
    model.o(i._Z12newAsteroidsv) refers to asteroids.o(.data) for asteroids
[...]
    Adafruit_GFX::fillCircle(short, short, short, unsigned short) 0x0000508b   Thumb Code    64  adafruit_gfx.o(i._ZN12Adafruit_GFX10fillCircleEssst)
    Adafruit_GFX::drawFastVLine(short, short, short, unsigned short) 0x000050cb   Thumb Code    46  adafruit_gfx.o(i._ZN12Adafruit_GFX13drawFastVLineEssst)
    Adafruit_GFX::fillCircleHelper(short, short, short, unsigned char, short, unsigned short) 0x000050f9   Thumb Code   246  adafruit_gfx.o(i._ZN12Adafruit_GFX16fillCircleHelperEssshst)
    Adafruit_GFX::width()                    0x000051ef   Thumb Code     8  adafruit_gfx.o(i._ZN12Adafruit_GFX5widthEv)
    Adafruit_GFX::write(unsigned char)       0x000051f7   Thumb Code   122  adafruit_gfx.o(i._ZN12Adafruit_GFX5writeEh)
    Adafruit_GFX::height()                   0x00005271   Thumb Code     8  adafruit_gfx.o(i._ZN12Adafruit_GFX6heightEv)
    Adafruit_GFX::drawChar(short, short, unsigned char, unsigned short, unsigned short, unsigned char) 0x00005279   Thumb Code   256  adafruit_gfx.o(i._ZN12Adafruit_GFX8drawCharEsshtth)
    Adafruit_GFX::drawLine(short, short, short, short, unsigned short) 0x0000537d   Thumb Code   220  adafruit_gfx.o(i._ZN12Adafruit_GFX8drawLineEsssst)
    Adafruit_GFX::fillRect(short, short, short, short, unsigned short) 0x00005459   Thumb Code    54  adafruit_gfx.o(i._ZN12Adafruit_GFX8fillRectEsssst)
    Adafruit_GFX::setCursor(short, short)    0x0000548f   Thumb Code     6  adafruit_gfx.o(i._ZN12Adafruit_GFX9setCursorEss)
    Adafruit_GFX::Adafruit_GFX__sub_object(short, short) 0x00005495   Thumb Code    42  adafruit_gfx.o(i._ZN12Adafruit_GFXC2Ess)
    LcdController::setFrameBuffer(unsigned)  0x000054c5   Thumb Code    18  lcdcontroller.o(i._ZN13LcdController14setFrameBufferEj)
    LcdController::getClockDivisor(int)      0x000054dd   Thumb Code    56  lcdcontroller.o(i._ZN13LcdController15getClockDivisorEi)
    LcdController::init(LcdController::Config*) 0x00005519   Thumb Code   436  lcdcontroller.o(i._ZN13LcdController4initEPNS_6ConfigE)
    LcdController::open(LcdController::Config*) 0x000056d9   Thumb Code    64  lcdcontroller.o(i._ZN13LcdController4openEPNS_6ConfigE)
    LcdController::Config::Config(int, int, int, int, int, int, int, int, bool, bool, bool, bool, int, LcdController::BitsPerPixel, int, LcdController::LcdPanel, bool) 0x00005721   Thumb Code    96  display.o(i._ZN13LcdController6ConfigC1EiiiiiiiibbbbiNS_12BitsPerPixelEiNS_8LcdPanelEb)
    LcdController::Config::Config__sub_object(int, int, int, int, int, int, int, int, bool, bool, bool, bool, int, LcdController::BitsPerPixel, int, LcdController::LcdPanel, bool) 0x00005721   Thumb Code     0  display.o(i._ZN13LcdController6ConfigC1EiiiiiiiibbbbiNS_12BitsPerPixelEiNS_8LcdPanelEb)
    LcdController::setPower(bool)            0x00005781   Thumb Code    62  lcdcontroller.o(i._ZN13LcdController8setPowerEb)
    LcdController::pinConfig()               0x000057c5   Thumb Code   342  lcdcontroller.o(i._ZN13LcdController9pinConfigEv)
    LcdController::LcdController()           0x00005921   Thumb Code     6  lcdcontroller.o(i._ZN13LcdControllerC1Ev)
    LcdController::LcdController__sub_object() 0x00005921   Thumb Code     0  lcdcontroller.o(i._ZN13LcdControllerC1Ev)
    EaLcdBoardGPIO::set5VSignal(bool)        0x00005927   Thumb Code    32  ealcdboardgpio.o(i._ZN14EaLcdBoardGPIO11set5VSignalEb)
    EaLcdBoardGPIO::set3V3Signal(bool)       0x00005947   Thumb Code    32  ealcdboardgpio.o(i._ZN14EaLcdBoardGPIO12set3V3SignalEb)
    EaLcdBoardGPIO::setWriteProtect(bool)    0x00005967   Thumb Code     2  ealcdboardgpio.o(i._ZN14EaLcdBoardGPIO15setWriteProtectEb)
    EaLcdBoardGPIO::setBacklightContrast(unsigned) 0x00005969   Thumb Code    78  ealcdboardgpio.o(i._ZN14EaLcdBoardGPIO20setBacklightContrastEj)
    EaLcdBoardGPIO::setDisplayEnableSignal(bool) 0x000059c5   Thumb Code    46  ealcdboardgpio.o(i._ZN14EaLcdBoardGPIO22setDisplayEnableSignalEb)
    EaLcdBoardGPIO::EaLcdBoardGPIO(PinName, PinName) 0x000059fd   Thumb Code   150  ealcdboardgpio.o(i._ZN14EaLcdBoardGPIOC1E7PinNameS0_)
    EaLcdBoardGPIO::EaLcdBoardGPIO__sub_object(PinName, PinName) 0x000059fd   Thumb Code     0  ealcdboardgpio.o(i._ZN14EaLcdBoardGPIOC1E7PinNameS0_)
    mbed::DigitalOut::DigitalOut(PinName)    0x00005a99   Thumb Code    26  ealcdboardgpio.o(i._ZN4mbed10DigitalOutC1E7PinName)
    mbed::DigitalOut::DigitalOut__sub_object(PinName) 0x00005a99   Thumb Code     0  ealcdboardgpio.o(i._ZN4mbed10DigitalOutC1E7PinName)
    mbed::DigitalOut::operator =(int)        0x00005ab5   Thumb Code    64  ealcdboardgpio.o(i._ZN4mbed10DigitalOutaSEi)
    mbed::FileHandle::flen()                 0x00005b11   Thumb Code    58  filelike.o(i._ZN4mbed10FileHandle4flenEv)
    mbed::TimerEvent::irq(unsigned)          0x00005b4b   Thumb Code    16  timerevent.o(i._ZN4mbed10TimerEvent3irqEj)
    mbed::TimerEvent::insert(unsigned)       0x00005b5b   Thumb Code    20  timerevent.o(i._ZN4mbed10TimerEvent6insertEj)
    mbed::TimerEvent::remove()               0x00005b6f   Thumb Code    14  timerevent.o(i._ZN4mbed10TimerEvent6removeEv)
    mbed::TimerEvent::TimerEvent__sub_object() 0x00005b7d   Thumb Code    34  timerevent.o(i._ZN4mbed10TimerEventC2Ev)
    mbed::TimerEvent::~TimerEvent()          0x00005ba9   Thumb Code     0  timerevent.o(i._ZN4mbed10TimerEventD2Ev)
    mbed::TimerEvent::~TimerEvent__sub_object() 0x00005ba9   Thumb Code    18  timerevent.o(i._ZN4mbed10TimerEventD2Ev)
    mbed::mbed_set_unbuffered_stream(std::__FILE*) 0x00005bc1   Thumb Code    14  retarget.o(i._ZN4mbed26mbed_set_unbuffered_streamEPSt6__FILE)
    mbed::I2C::read(int, char*, int, bool)   0x00005bcf   Thumb Code    58  i2c.o(i._ZN4mbed3I2C4readEiPcib)
    mbed::I2C::write(int, const char*, int, bool) 0x00005c09   Thumb Code    58  i2c.o(i._ZN4mbed3I2C5writeEiPKcib)
    mbed::I2C::aquire()                      0x00005c45   Thumb Code    26  i2c.o(i._ZN4mbed3I2C6aquireEv)
    mbed::I2C::I2C(PinName, PinName)         0x00005c65   Thumb Code    34  i2c.o(i._ZN4mbed3I2CC1E7PinNameS1_)
    mbed::I2C::I2C__sub_object(PinName, PinName) 0x00005c65   Thumb Code     0  i2c.o(i._ZN4mbed3I2CC1E7PinNameS1_)
    mbed::Stream::flen()                     0x00005c91   Thumb Code     6  stream.o(i._ZN4mbed6Stream4flenEv)
    mbed::Stream::close()                    0x00005c97   Thumb Code     6  stream.o(i._ZN4mbed6Stream5closeEv)
    mbed::Stream::lseek(long, int)           0x00005c9d   Thumb Code     6  stream.o(i._ZN4mbed6Stream5lseekEli)
    mbed::Stream::write(const void*, unsigned) 0x00005ca3   Thumb Code    48  stream.o(i._ZN4mbed6Stream5writeEPKvj)
    mbed::Stream::isatty()                   0x00005cd3   Thumb Code     6  stream.o(i._ZN4mbed6Stream6isattyEv)
    mbed::Stream::printf(const char*, ...)   0x00005cd9   Thumb Code    40  stream.o(i._ZN4mbed6Stream6printfEPKcz)
    mbed::Stream::Stream__sub_object(const char*) 0x00005d01   Thumb Code    58  stream.o(i._ZN4mbed6StreamC2EPKc)
    mbed::Ticker::setup(unsigned)            0x00005d49   Thumb Code    34  ticker.o(i._ZN4mbed6Ticker5setupEj)
    mbed::Ticker::attach(void(*)(), float)   0x00005d6d   Thumb Code    56  asteroids.o(i._ZN4mbed6Ticker6attachEPFvvEf)
    mbed::Ticker::detach()                   0x00005da9   Thumb Code    22  ticker.o(i._ZN4mbed6Ticker6detachEv)
    mbed::Ticker::handler()                  0x00005dbf   Thumb Code    56  ticker.o(i._ZN4mbed6Ticker7handlerEv)
    mbed::Ticker::Ticker()                   0x00005df9   Thumb Code    40  asteroids.o(i._ZN4mbed6TickerC1Ev)
    mbed::Ticker::Ticker__sub_object()       0x00005df9   Thumb Code     0  asteroids.o(i._ZN4mbed6TickerC1Ev)
    mbed::Ticker::~Ticker()                  0x00005e25   Thumb Code    26  asteroids.o(i._ZN4mbed6TickerD1Ev)
    mbed::Ticker::~Ticker__sub_object()      0x00005e25   Thumb Code     0  asteroids.o(i._ZN4mbed6TickerD1Ev)
    mbed::FileBase::getPathType()            0x00005e45   Thumb Code     6  filebase.o(i._ZN4mbed8FileBase11getPathTypeEv)
    mbed::FileBase::lookup(const char*, unsigned) 0x00005e4d   Thumb Code    52  filebase.o(i._ZN4mbed8FileBase6lookupEPKcj)
    mbed::FileBase::FileBase(const char*, mbed::PathType) 0x00005e85   Thumb Code    32  filebase.o(i._ZN4mbed8FileBaseC1EPKcNS_8PathTypeE)
    mbed::FileBase::FileBase__sub_object(const char*, mbed::PathType) 0x00005e85   Thumb Code     0  filebase.o(i._ZN4mbed8FileBaseC1EPKcNS_8PathTypeE)
    mbed::FileLike::FileLike__sub_object(const char*) 0x00005ead   Thumb Code    34  filelike.o(i._ZN4mbed8FileLikeC2EPKc)
    mbed::FilePath::fileSystem()             0x00005ed9   Thumb Code    20  filepath.o(i._ZN4mbed8FilePath10fileSystemEv)
    mbed::FilePath::isFileSystem()           0x00005eed   Thumb Code    28  filepath.o(i._ZN4mbed8FilePath12isFileSystemEv)
    mbed::FilePath::file()                   0x00005f09   Thumb Code    30  filepath.o(i._ZN4mbed8FilePath4fileEv)
    mbed::FilePath::exists()                 0x00005f27   Thumb Code    14  filepath.o(i._ZN4mbed8FilePath6existsEv)
    mbed::FilePath::isFile()                 0x00005f35   Thumb Code    28  filepath.o(i._ZN4mbed8FilePath6isFileEv)
    mbed::FilePath::fileName()               0x00005f51   Thumb Code     6  filepath.o(i._ZN4mbed8FilePath8fileNameEv)
    mbed::FilePath::FilePath(const char*)    0x00005f57   Thumb Code    86  filepath.o(i._ZN4mbed8FilePathC1EPKc)
    mbed::FilePath::FilePath__sub_object(const char*) 0x00005f57   Thumb Code     0  filepath.o(i._ZN4mbed8FilePathC1EPKc)
    mbed::DigitalIn::DigitalIn(PinName)      0x00005fad   Thumb Code    26  controller.o(i._ZN4mbed9DigitalInC1E7PinName)
    mbed::DigitalIn::DigitalIn__sub_object(PinName) 0x00005fad   Thumb Code     0  controller.o(i._ZN4mbed9DigitalInC1E7PinName)
    GFXFb::fillScreen(unsigned short)        0x00005fc7   Thumb Code    38  gfxfb.o(i._ZN5GFXFb10fillScreenEt)
    GFXFb::drawFastVLine(short, short, short, unsigned short) 0x00005fed   Thumb Code   104  gfxfb.o(i._ZN5GFXFb13drawFastVLineEssst)
    GFXFb::drawPixel(short, short, unsigned short) 0x00006055   Thumb Code    70  gfxfb.o(i._ZN5GFXFb9drawPixelEsst)
    GFXFb::GFXFb(unsigned short, unsigned short, unsigned short*) 0x0000609d   Thumb Code    36  gfxfb.o(i._ZN5GFXFbC1EttPt)
    GFXFb::GFXFb__sub_object(unsigned short, unsigned short, unsigned short*) 0x0000609d   Thumb Code     0  gfxfb.o(i._ZN5GFXFbC1EttPt)
    Display::theDisplay()                    0x000060c5   Thumb Code    50  display.o(i._ZN7Display10theDisplayEv)
    Display::_putc(int)                      0x00006101   Thumb Code    20  display.o(i._ZN7Display5_putcEi)
    Display::Display()                       0x00006115   Thumb Code   272  display.o(i._ZN7DisplayC1Ev)
    Display::Display__sub_object()           0x00006115   Thumb Code     0  display.o(i._ZN7DisplayC1Ev)
    std::cos(float)                          0x00006265   Thumb Code    24  model.o(i._ZSt3cosf)
    std::sin(float)                          0x0000627d   Thumb Code    24  model.o(i._ZSt3sinf)
    std::sqrt(float)                         0x00006295   Thumb Code    24  model.o(i._ZSt4sqrtf)
    operator new(unsigned)                   0x000062ad   Thumb Code    34  new.o(i._Znwj)
    __ARM_fpclassify                         0x000062d5   Thumb Code    48  fpclassify.o(i.__ARM_fpclassify)
    __ARM_fpclassifyf                        0x00006305   Thumb Code    38  fpclassifyf.o(i.__ARM_fpclassifyf)
    __cxa_guard_acquire                      0x0000632b   Thumb Code    16  cxa_guard_acquire.o(i.__cxa_guard_acquire)
    __cxa_pure_virtual                       0x0000633b   Thumb Code     6  pure_virt.o(i.__cxa_pure_virtual)
    __hardfp_cosf                            0x00006341   Thumb Code   280  cosf.o(i.__hardfp_cosf)
    __hardfp_sinf                            0x00006491   Thumb Code   344  sinf.o(i.__hardfp_sinf)
    __hardfp_sqrtf                           0x00006621   Thumb Code    58  sqrtf.o(i.__hardfp_sqrtf)
    __mathlib_flt_infnan                     0x0000665b   Thumb Code     6  funder.o(i.__mathlib_flt_infnan)
    __mathlib_flt_invalid                    0x00006661   Thumb Code    10  funder.o(i.__mathlib_flt_invalid)
    __mathlib_flt_underflow                  0x00006671   Thumb Code    10  funder.o(i.__mathlib_flt_underflow)
    __mathlib_rredf2                         0x00006681   Thumb Code   316  rredf.o(i.__mathlib_rredf2)
    __reserved_stack_size                    0x000067d5   Thumb Code     6  sdram.o(i.__reserved_stack_size)
    __rt_heap_extend                         0x000067dd   Thumb Code    54  sdram.o(i.__rt_heap_extend)
    __user_setup_stackheap                   0x000068d1   Thumb Code    42  sys.o(i.__user_setup_stackheap)
    _is_digit                                0x0000695b   Thumb Code    14  __printf_wp.o(i._is_digit)
    _sys_close                               0x00006969   Thumb Code    44  retarget.o(i._sys_close)
    _sys_flen                                0x00006999   Thumb Code    38  retarget.o(i._sys_flen)
    _sys_istty                               0x000069c5   Thumb Code    38  retarget.o(i._sys_istty)
    _sys_open                                0x000069f1   Thumb Code   284  retarget.o(i._sys_open)
    _sys_seek                                0x00006b21   Thumb Code    44  retarget.o(i._sys_seek)
    _sys_write                               0x00006b51   Thumb Code    88  retarget.o(i._sys_write)
    error                                    0x00006bb5   Thumb Code    28  error.o(i.error)
    exit                                     0x00006bd5   Thumb Code    24  retarget.o(i.exit)
    fpu_init                                 0x00006bf5   Thumb Code    62  system_lpc407x_8x_177x_8x.o(i.fpu_init)
    fputc                                    0x00006c45   Thumb Code    26  fputc.o(i.fputc)
    get_us_ticker_data                       0x00006c61   Thumb Code     4  us_ticker_api.o(i.get_us_ticker_data)
    gpio_dir                                 0x00006c69   Thumb Code    68  gpio_api.o(i.gpio_dir)
    gpio_init                                0x00006cf9   Thumb Code    50  gpio_api.o(i.gpio_init)
    gpio_init_in                             0x00006d31   Thumb Code    18  gpio.o(i.gpio_init_in)
    gpio_init_in_ex                          0x00006d43   Thumb Code    20  gpio.o(i.gpio_init_in_ex)
    gpio_init_out                            0x00006d57   Thumb Code    18  gpio.o(i.gpio_init_out)
    gpio_init_out_ex                         0x00006d69   Thumb Code    22  gpio.o(i.gpio_init_out_ex)
    gpio_mode                                0x00006d7f   Thumb Code    18  gpio_api.o(i.gpio_mode)
    gpio_set                                 0x00006d91   Thumb Code    40  gpio_api.o(i.gpio_set)
    i2c_frequency                            0x00006fa5   Thumb Code    22  i2c_api.o(i.i2c_frequency)
    i2c_init                                 0x00006fc1   Thumb Code   218  i2c_api.o(i.i2c_init)
    i2c_read                                 0x00007105   Thumb Code   176  i2c_api.o(i.i2c_read)
    i2c_start                                0x000071b5   Thumb Code    72  i2c_api.o(i.i2c_start)
    i2c_stop                                 0x00007205   Thumb Code    58  i2c_api.o(i.i2c_stop)
    i2c_write                                0x0000726d   Thumb Code   130  i2c_api.o(i.i2c_write)
    $Super$$main                             0x000072f1   Thumb Code    84  asteroids.o(i.main)
    mbed_assert_internal                     0x00007371   Thumb Code    22  assert.o(i.mbed_assert_internal)
    mbed_die                                 0x000073bd   Thumb Code   116  board.o(i.mbed_die)
    mbed_main                                0x00007431   Thumb Code     2  retarget.o(i.mbed_main)
    mbed_sdk_init                            0x00007433   Thumb Code     2  retarget.o(i.mbed_sdk_init)
    pin_function                             0x00007435   Thumb Code    42  pinmap.o(i.pin_function)
    pin_mode                                 0x000074a9   Thumb Code    66  pinmap.o(i.pin_mode)
    pinmap_find_peripheral                   0x00007535   Thumb Code    32  pinmap_common.o(i.pinmap_find_peripheral)
    pinmap_merge                             0x00007555   Thumb Code    42  pinmap_common.o(i.pinmap_merge)
    pinmap_peripheral                        0x00007595   Thumb Code    44  pinmap_common.o(i.pinmap_peripheral)
    pinmap_pinout                            0x000075e1   Thumb Code    62  pinmap_common.o(i.pinmap_pinout)
    pwmout_init                              0x00007635   Thumb Code   184  pwmout_api.o(i.pwmout_init)
    pwmout_period_ms                         0x00007729   Thumb Code    22  pwmout_api.o(i.pwmout_period_ms)
    pwmout_period_us                         0x00007741   Thumb Code    64  pwmout_api.o(i.pwmout_period_us)
    pwmout_write                             0x00007785   Thumb Code   100  pwmout_api.o(i.pwmout_write)
    serial_baud                              0x000077ed   Thumb Code   320  serial_api.o(i.serial_baud)
    serial_format                            0x00007931   Thumb Code   168  serial_api.o(i.serial_format)
    serial_init                              0x00007a2d   Thumb Code   378  serial_api.o(i.serial_init)
    serial_putc                              0x00007bd9   Thumb Code    24  serial_api.o(i.serial_putc)
    serial_writable                          0x00007bf1   Thumb Code    12  serial_api.o(i.serial_writable)
    ticker_insert_event                      0x00007bfd   Thumb Code    80  ticker_api.o(i.ticker_insert_event)
    ticker_irq_handler                       0x00007c4d   Thumb Code    90  ticker_api.o(i.ticker_irq_handler)
    ticker_read                              0x00007ca7   Thumb Code    12  ticker_api.o(i.ticker_read)
    ticker_remove_event                      0x00007cb3   Thumb Code    82  ticker_api.o(i.ticker_remove_event)
    ticker_set_handler                       0x00007d05   Thumb Code    18  ticker_api.o(i.ticker_set_handler)
    us_ticker_clear_interrupt                0x00007d19   Thumb Code     8  us_ticker.o(i.us_ticker_clear_interrupt)
    us_ticker_disable_interrupt              0x00007d25   Thumb Code    14  us_ticker.o(i.us_ticker_disable_interrupt)
    us_ticker_init                           0x00007d39   Thumb Code    92  us_ticker.o(i.us_ticker_init)
    us_ticker_irq_handler                    0x00007dad   Thumb Code    10  us_ticker_api.o(i.us_ticker_irq_handler)
    us_ticker_read                           0x00007dbd   Thumb Code    18  us_ticker.o(i.us_ticker_read)
    us_ticker_set_interrupt                  0x00007dd9   Thumb Code    16  us_ticker.o(i.us_ticker_set_interrupt)
    wait                                     0x00007ded   Thumb Code    36  wait_api.o(i.wait)
    wait_ms                                  0x00007e15   Thumb Code    18  wait_api.o(i.wait_ms)
    wait_us                                  0x00007e27   Thumb Code    24  wait_api.o(i.wait_us)
    _get_lc_numeric                          0x00007e41   Thumb Code    44  lc_numeric_c.o(locale$$code)
    _get_lc_ctype                            0x00007e6d   Thumb Code    44  lc_ctype_c.o(locale$$code)
    mbed::FunctionPointerArg1<void, void>::attach(void(*)()) 0x00007e99   Thumb Code     8  asteroids.o(t._ZN4mbed19FunctionPointerArg1IvvE6attachEPFvvE)
    __fpl_dretinf                            0x00007ea1   Thumb Code    12  dretinf.o(x$fpl$dretinf)
    __aeabi_f2d                              0x00007ead   Thumb Code     0  f2d.o(x$fpl$f2d)
    _f2d                                     0x00007ead   Thumb Code    86  f2d.o(x$fpl$f2d)
    __fpl_fnaninf                            0x00007f03   Thumb Code   140  fnaninf.o(x$fpl$fnaninf)
    _fp_init                                 0x00007f8f   Thumb Code    10  fpinit.o(x$fpl$fpinit)
    __fplib_config_fpu_vfp                   0x00007f97   Thumb Code     0  fpinit.o(x$fpl$fpinit)
    __fplib_config_pureend_doubles           0x00007f97   Thumb Code     0  fpinit.o(x$fpl$fpinit)
    _printf_fp_dec                           0x00007f99   Thumb Code     4  printf1.o(x$fpl$printf1)
    _printf_fp_hex                           0x00007f9d   Thumb Code     4  printf2.o(x$fpl$printf2)
    __I$use$fp                               0x00007fa0   Number         0  usenofp.o(x$fpl$usenofp)
    __stdin_name                             0x00008598   Data           7  retarget.o(.constdata)
    __stdout_name                            0x0000859f   Data           8  retarget.o(.constdata)
    __stderr_name                            0x000085a7   Data           8  retarget.o(.constdata)
    vtable for EaLcdBoard                    0x00008ab4   Data          28  ealcdboard.o(.constdata__ZTV10EaLcdBoard)
    vtable for Adafruit_GFX                  0x00008ad0   Data          44  adafruit_gfx.o(.constdata__ZTV12Adafruit_GFX)
    vtable for EaLcdBoardGPIO                0x00008afc   Data          28  ealcdboardgpio.o(.constdata__ZTV14EaLcdBoardGPIO)
    vtable for GFXFb                         0x00008b18   Data          44  gfxfb.o(.constdata__ZTV5GFXFb)
    vtable for Display                       0x00008b44   Data         112  display.o(.constdata__ZTV7Display)
    vtable for mbed::FileHandle              0x00008bb4   Data          44  retarget.o(.constdata__ZTVN4mbed10FileHandleE)
    vtable for mbed::TimerEvent              0x00008be0   Data          20  timerevent.o(.constdata__ZTVN4mbed10TimerEventE)
    vtable for mbed::Stream                  0x00008bf4   Data          68  stream.o(.constdata__ZTVN4mbed6StreamE)
    vtable for mbed::Ticker                  0x00008c38   Data          20  ticker.o(.constdata__ZTVN4mbed6TickerE)
    vtable for mbed::FileBase                0x00008c4c   Data          16  filebase.o(.constdata__ZTVN4mbed8FileBaseE)
    vtable for mbed::FileLike                0x00008c5c   Data          60  filelike.o(.constdata__ZTVN4mbed8FileLikeE)
    Region$$Table$$Base                      0x00008dec   Number         0  anon$$obj.o(Region$$Table)
    Region$$Table$$Limit                     0x00008e0c   Number         0  anon$$obj.o(Region$$Table)
    __ctype                                  0x00008e35   Data           0  lc_ctype_c.o(locale$$data)
    SHT$$INIT_ARRAY$$Base                    0x00008f38   Number         0  controller.o(.init_array)
    SHT$$INIT_ARRAY$$Limit                   0x00008f44   Number         0  init_aeabi.o(.init_array)
    graphics                                 0x10006b44   Data           4  view.o(.data)
    currentHeadingForAllMissiles             0x10006b48   Data           4  view.o(.data)
    elapsed_time                             0x1000a06c   Data           4  asteroids.o(.data)
    Dt                                       0x1000a070   Data           4  asteroids.o(.data)
    score                                    0x1000a074   Data           4  asteroids.o(.data)
    lives                                    0x1000a078   Data           4  asteroids.o(.data)
    paused                                   0x1000a07c   Data           1  asteroids.o(.data)
    inPlay                                   0x1000a07d   Data           1  asteroids.o(.data)
    shots                                    0x1000a080   Data           4  asteroids.o(.data)
    asteroids                                0x1000a084   Data           4  asteroids.o(.data)
    SystemCoreClock                          0x1000a088   Data           4  system_lpc407x_8x_177x_8x.o(.data)
    PeripheralClock                          0x1000a08c   Data           4  system_lpc407x_8x_177x_8x.o(.data)
    EMCClock                                 0x1000a090   Data           4  system_lpc407x_8x_177x_8x.o(.data)
    USBClock                                 0x1000a094   Data           4  system_lpc407x_8x_177x_8x.o(.data)
    us_ticker_inited                         0x1000a0a8   Data           4  us_ticker.o(.data)
    mbed::FileBase::_head                    0x1000a0bc   Data           4  filebase.o(.data)
    mbed::I2C::_owner                        0x1000a0c0   Data           4  i2c.o(.data)
    stdio_uart_inited                        0x1000a0cc   Data           4  serial_api.o(.data)
    stdio_uart                               0x1000a0d0   Data           8  serial_api.o(.data)
    LcdController::_lcdControllerUsed        0x1000a0d8   Data           1  lcdcontroller.o(.data)
    __aeabi_stdin                            0x1000a0dc   Data           4  stdio_streams.o(.data)
    __aeabi_stdout                           0x1000a0e0   Data           4  stdio_streams.o(.data)
    __aeabi_stderr                           0x1000a0e4   Data           4  stdio_streams.o(.data)
    joystick                                 0x1000a0e8   Data         120  controller.o(.bss)
    player                                   0x1000a470   Data          20  asteroids.o(.bss)
    model                                    0x1000a484   Data          48  asteroids.o(.bss)
    view                                     0x1000a4b4   Data          48  asteroids.o(.bss)
    controller                               0x1000a4e4   Data          48  asteroids.o(.bss)
    userbutton                               0x1000a514   Data          24  asteroids.o(.bss)
    __stdin                                  0x1000a96c   Data          84  stdio_streams.o(.bss)
    __stdout                                 0x1000a9c0   Data          84  stdio_streams.o(.bss)
    __stderr                                 0x1000aa14   Data          84  stdio_streams.o(.bss)
    _random_number_data                      0x1000aa68   Data         228  rand.o(.bss)
    Image$$RW_IRAM1$$ZI$$Limit               0x1000ab74   Number         0  anon$$obj.o ABSOLUTE



==============================================================================

Memory Map of the image

  Image entry point : Not specified.

  Load Region LR_IROM1 (Base: 0x00000000, Size: 0x00012f44, Max: 0x00080000, ABSOLUTE, COMPRESSED[0x00009acc])

    Execution Region ER_IROM1 (Base: 0x00000000, Size: 0x00008f44, Max: 0x00080000, ABSOLUTE)

    Base Addr    Size         Type   Attr      Idx    E Section Name        Object

    0x00000000   0x000000e4   Data   RO          979    RESET               startup_lpc407x_8x_177x_8x.o
    0x000000e4   0x00000008   Code   RO         4588  * !!!main             c_w.l(__main.o)
    0x000000ec   0x00000034   Code   RO         5385    !!!scatter          c_w.l(__scatter.o)
    0x00000120   0x00000064   Code   RO         5383    !!dclz77c           c_w.l(__dclz77c.o)
    0x00000184   0x0000001c   Code   RO         5387    !!handler_zi        c_w.l(__scatter_zi.o)
    0x000001a0   0x00000000   Code   RO         4520    .ARM.Collect$$_printf_percent$$00000000  c_w.l(_printf_percent.o)
    0x000001a0   0x00000006   Code   RO         4827    .ARM.Collect$$_printf_percent$$00000001  c_w.l(_printf_n.o)
    0x000001a6   0x00000006   Code   RO         4519    .ARM.Collect$$_printf_percent$$00000002  c_w.l(_printf_p.o)
    0x000001ac   0x00000006   Code   RO         4833    .ARM.Collect$$_printf_percent$$00000003  c_w.l(_printf_f.o)
    0x000001b2   0x00000006   Code   RO         4834    .ARM.Collect$$_printf_percent$$00000004  c_w.l(_printf_e.o)
    0x000001b8   0x00000006   Code   RO         4835    .ARM.Collect$$_printf_percent$$00000005  c_w.l(_printf_g.o)
    0x000001be   0x00000006   Code   RO         4836    .ARM.Collect$$_printf_percent$$00000006  c_w.l(_printf_a.o)
    0x000001c4   0x0000000a   Code   RO         4841    .ARM.Collect$$_printf_percent$$00000007  c_w.l(_printf_ll.o)
    0x000001ce   0x00000006   Code   RO         4830    .ARM.Collect$$_printf_percent$$00000008  c_w.l(_printf_i.o)
    0x000001d4   0x00000006   Code   RO         4831    .ARM.Collect$$_printf_percent$$00000009  c_w.l(_printf_d.o)
    0x000001da   0x00000006   Code   RO         4832    .ARM.Collect$$_printf_percent$$0000000A  c_w.l(_printf_u.o)
    0x000001e0   0x00000006   Code   RO         4829    .ARM.Collect$$_printf_percent$$0000000B  c_w.l(_printf_o.o)
    0x000001e6   0x00000006   Code   RO         4828    .ARM.Collect$$_printf_percent$$0000000C  c_w.l(_printf_x.o)
    0x000001ec   0x00000006   Code   RO         4838    .ARM.Collect$$_printf_percent$$0000000D  c_w.l(_printf_lli.o)
    0x000001f2   0x00000006   Code   RO         4839    .ARM.Collect$$_printf_percent$$0000000E  c_w.l(_printf_lld.o)
    0x000001f8   0x00000006   Code   RO         4840    .ARM.Collect$$_printf_percent$$0000000F  c_w.l(_printf_llu.o)
    0x000001fe   0x00000006   Code   RO         4845    .ARM.Collect$$_printf_percent$$00000010  c_w.l(_printf_llo.o)
    0x00000204   0x00000006   Code   RO         4846    .ARM.Collect$$_printf_percent$$00000011  c_w.l(_printf_llx.o)
    0x0000020a   0x0000000a   Code   RO         4842    .ARM.Collect$$_printf_percent$$00000012  c_w.l(_printf_l.o)
    0x00000214   0x00000006   Code   RO         4825    .ARM.Collect$$_printf_percent$$00000013  c_w.l(_printf_c.o)
    0x0000021a   0x00000006   Code   RO         4826    .ARM.Collect$$_printf_percent$$00000014  c_w.l(_printf_s.o)
    0x00000220   0x00000006   Code   RO         4843    .ARM.Collect$$_printf_percent$$00000015  c_w.l(_printf_lc.o)
    0x00000226   0x00000006   Code   RO         4844    .ARM.Collect$$_printf_percent$$00000016  c_w.l(_printf_ls.o)
    0x0000022c   0x00000004   Code   RO         4837    .ARM.Collect$$_printf_percent$$00000017  c_w.l(_printf_percent_end.o)
    0x00000230   0x00000002   Code   RO         5237    .ARM.Collect$$libinit$$00000000  c_w.l(libinit.o)
    0x00000232   0x00000004   Code   RO         4897    .ARM.Collect$$libinit$$00000001  c_w.l(libinit2.o)
    0x00000236   0x00000000   Code   RO         4900    .ARM.Collect$$libinit$$00000004  c_w.l(libinit2.o)
    0x00000236   0x00000008   Code   RO         4901    .ARM.Collect$$libinit$$00000005  c_w.l(libinit2.o)
    0x0000023e   0x00000000   Code   RO         4903    .ARM.Collect$$libinit$$0000000A  c_w.l(libinit2.o)
    0x0000023e   0x00000000   Code   RO         4905    .ARM.Collect$$libinit$$0000000C  c_w.l(libinit2.o)
    0x0000023e   0x00000004   Code   RO         4906    .ARM.Collect$$libinit$$0000000D  c_w.l(libinit2.o)
    0x00000242   0x00000000   Code   RO         4907    .ARM.Collect$$libinit$$0000000E  c_w.l(libinit2.o)
    0x00000242   0x00000006   Code   RO         4908    .ARM.Collect$$libinit$$0000000F  c_w.l(libinit2.o)
    0x00000248   0x00000000   Code   RO         4910    .ARM.Collect$$libinit$$00000011  c_w.l(libinit2.o)
    0x00000248   0x0000000c   Code   RO         4911    .ARM.Collect$$libinit$$00000012  c_w.l(libinit2.o)
    0x00000254   0x00000000   Code   RO         4912    .ARM.Collect$$libinit$$00000013  c_w.l(libinit2.o)
    0x00000254   0x00000000   Code   RO         4914    .ARM.Collect$$libinit$$00000015  c_w.l(libinit2.o)
    0x00000254   0x0000000a   Code   RO         4915    .ARM.Collect$$libinit$$00000016  c_w.l(libinit2.o)
    0x0000025e   0x00000000   Code   RO         4916    .ARM.Collect$$libinit$$00000017  c_w.l(libinit2.o)
    0x0000025e   0x00000000   Code   RO         4918    .ARM.Collect$$libinit$$00000019  c_w.l(libinit2.o)
    0x0000025e   0x00000000   Code   RO         4920    .ARM.Collect$$libinit$$0000001B  c_w.l(libinit2.o)
    0x0000025e   0x00000000   Code   RO         4922    .ARM.Collect$$libinit$$0000001D  c_w.l(libinit2.o)
    0x0000025e   0x00000000   Code   RO         4924    .ARM.Collect$$libinit$$0000001F  c_w.l(libinit2.o)
    0x0000025e   0x00000000   Code   RO         4926    .ARM.Collect$$libinit$$00000021  c_w.l(libinit2.o)
    0x0000025e   0x00000000   Code   RO         4928    .ARM.Collect$$libinit$$00000023  c_w.l(libinit2.o)
    0x0000025e   0x00000004   Code   RO         4929    .ARM.Collect$$libinit$$00000024  c_w.l(libinit2.o)
    0x00000262   0x00000000   Code   RO         4930    .ARM.Collect$$libinit$$00000025  c_w.l(libinit2.o)
    0x00000262   0x00000000   Code   RO         4934    .ARM.Collect$$libinit$$0000002C  c_w.l(libinit2.o)
    0x00000262   0x00000000   Code   RO         4936    .ARM.Collect$$libinit$$0000002E  c_w.l(libinit2.o)
    0x00000262   0x00000000   Code   RO         4938    .ARM.Collect$$libinit$$00000030  c_w.l(libinit2.o)
    0x00000262   0x00000004   Code   RO         4939    .ARM.Collect$$libinit$$00000031  c_w.l(libinit2.o)
    0x00000266   0x00000000   Code   RO         4940    .ARM.Collect$$libinit$$00000032  c_w.l(libinit2.o)
    0x00000266   0x00000002   Code   RO         4941    .ARM.Collect$$libinit$$00000033  c_w.l(libinit2.o)
    0x00000268   0x00000000   Code   RO         5124    .ARM.Collect$$libshutdown$$00000002  c_w.l(libshutdown2.o)
    0x00000268   0x00000000   Code   RO         5126    .ARM.Collect$$libshutdown$$00000004  c_w.l(libshutdown2.o)
    0x00000268   0x00000000   Code   RO         4758    .ARM.Collect$$rtentry$$00000000  c_w.l(__rtentry.o)
    0x00000268   0x00000000   Code   RO         5016    .ARM.Collect$$rtentry$$00000002  c_w.l(__rtentry2.o)
    0x00000268   0x00000006   Code   RO         5028    .ARM.Collect$$rtentry$$00000004  c_w.l(__rtentry4.o)
    0x0000026e   0x00000000   Code   RO         5018    .ARM.Collect$$rtentry$$00000009  c_w.l(__rtentry2.o)
    0x0000026e   0x00000004   Code   RO         5019    .ARM.Collect$$rtentry$$0000000A  c_w.l(__rtentry2.o)
    0x00000272   0x00000000   Code   RO         5021    .ARM.Collect$$rtentry$$0000000C  c_w.l(__rtentry2.o)
    0x00000272   0x00000008   Code   RO         5022    .ARM.Collect$$rtentry$$0000000D  c_w.l(__rtentry2.o)
    0x0000027a   0x00000002   PAD
    0x0000027c   0x00000034   Code   RO         4563    .emb_text           c_w.l(rand.o)
    0x000002b0   0x00000000   Code   RO         5039    .emb_text           c_w.l(maybetermalloc1.o)
    0x000002b0   0x00000012   Code   RO          975  * .text               bitflip.o
    0x000002c2   0x00000002   PAD
    0x000002c4   0x00000024   Code   RO          981    .text               startup_lpc407x_8x_177x_8x.o
    0x000002e8   0x0000000a   Code   RO         4468    .text               c_w.l(vfprintf.o)
    0x000002f2   0x0000000a   Code   RO         4470    .text               c_w.l(c89vfprintf.o)
    0x000002fc   0x00000004   Code   RO          980    .ARM.__at_0x02FC    startup_lpc407x_8x_177x_8x.o
    0x00000300   0x0000005e   Code   RO         4410    .text               c_w.l(h1_alloc.o)
    0x0000035e   0x0000004e   Code   RO         4412    .text               c_w.l(h1_free.o)
    0x000003ac   0x0000002c   Code   RO         4472    .text               c_w.l(__2sprintf.o)
    0x000003d8   0x00000094   Code   RO         4496    .text               c_w.l(_printf_hex_int_ll_ptr.o)
    0x0000046c   0x00000188   Code   RO         4516    .text               c_w.l(__printf_flags_ss_wp.o)
    0x000005f4   0x0000003c   Code   RO         4523    .text               c_w.l(__0sscanf.o)
    0x00000630   0x0000014c   Code   RO         4525    .text               c_w.l(_scanf_int.o)
    0x0000077c   0x00000064   Code   RO         4527    .text               c_w.l(fflush.o)
    0x000007e0   0x000000ec   Code   RO         4541    .text               c_w.l(fopen.o)
    0x000008cc   0x00000014   Code   RO         4543    .text               c_w.l(setbuf.o)
    0x000008e0   0x0000004c   Code   RO         4551    .text               c_w.l(fclose.o)
    0x0000092c   0x0000003c   Code   RO         4564    .text               c_w.l(rand.o)
    0x00000968   0x0000002e   Code   RO         4571    .text               c_w.l(aeabi_atexit.o)
    0x00000996   0x0000003e   Code   RO         4574    .text               c_w.l(strlen.o)
    0x000009d4   0x00000096   Code   RO         4576    .text               c_w.l(strncmp.o)
    0x00000a6a   0x00000044   Code   RO         4580    .text               c_w.l(rt_memclr.o)
    0x00000aae   0x0000004e   Code   RO         4582    .text               c_w.l(rt_memclr_w.o)
    0x00000afc   0x00000080   Code   RO         4586    .text               c_w.l(strcmpv7m.o)
    0x00000b7c   0x00000024   Code   RO         4593    .text               c_w.l(init_aeabi.o)
    0x00000ba0   0x00000008   Code   RO         4759    .text               c_w.l(rt_heap_descriptor.o)
    0x00000ba8   0x00000008   Code   RO         4764    .text               c_w.l(rt_new_handler_addr.o)
    0x00000bb0   0x00000008   Code   RO         4769    .text               c_w.l(rt_ddtor_pointer_addr.o)
    0x00000bb8   0x00000004   Code   RO         4774    .text               c_w.l(hguard.o)
    0x00000bbc   0x0000008a   Code   RO         4776    .text               c_w.l(init_alloc.o)
    0x00000c46   0x0000000e   Code   RO         4780    .text               c_w.l(h1_init.o)
    0x00000c54   0x00000016   Code   RO         4794    .text               c_w.l(_rserrno.o)
    0x00000c6a   0x0000004e   Code   RO         4796    .text               c_w.l(_printf_pad.o)
    0x00000cb8   0x00000024   Code   RO         4798    .text               c_w.l(_printf_truncate.o)
    0x00000cdc   0x00000052   Code   RO         4800    .text               c_w.l(_printf_str.o)
    0x00000d2e   0x000000b2   Code   RO         4802    .text               c_w.l(_printf_intcommon.o)
    0x00000de0   0x00000078   Code   RO         4804    .text               c_w.l(_printf_dec.o)
    0x00000e58   0x00000028   Code   RO         4806    .text               c_w.l(_printf_charcount.o)
    0x00000e80   0x00000030   Code   RO         4808    .text               c_w.l(_printf_char_common.o)
    0x00000eb0   0x0000000a   Code   RO         4810    .text               c_w.l(_sputc.o)
    0x00000eba   0x00000002   PAD
    0x00000ebc   0x00000024   Code   RO         4812    .text               c_w.l(_printf_char_file.o)
    0x00000ee0   0x000000bc   Code   RO         4814    .text               c_w.l(_printf_wctomb.o)
    0x00000f9c   0x0000007c   Code   RO         4817    .text               c_w.l(_printf_longlong_dec.o)
    0x00001018   0x00000070   Code   RO         4823    .text               c_w.l(_printf_oct_int_ll.o)
    0x00001088   0x0000001c   Code   RO         4847    .text               c_w.l(_chval.o)
    0x000010a4   0x0000002c   Code   RO         4853    .text               c_w.l(scanf_char.o)
    0x000010d0   0x00000040   Code   RO         4855    .text               c_w.l(_sgetc.o)
    0x00001110   0x00000008   Code   RO         4865    .text               c_w.l(ferror.o)
    0x00001118   0x000001d6   Code   RO         4869    .text               c_w.l(flsbuf.o)
    0x000012ee   0x00000002   PAD
    0x000012f0   0x000000f8   Code   RO         4871    .text               c_w.l(fseek.o)
    0x000013e8   0x00000046   Code   RO         4873    .text               c_w.l(setvbuf.o)
    0x0000142e   0x00000002   PAD
    0x00001430   0x000000f0   Code   RO         4875    .text               c_w.l(stdio.o)
    0x00001520   0x00000138   Code   RO         4878    .text               c_w.l(initio.o)
    0x00001658   0x00000042   Code   RO         4886    .text               c_w.l(cxa_finalize.o)
    0x0000169a   0x0000000e   Code   RO         4889    .text               c_w.l(defsig_pvfn_outer.o)
    0x000016a8   0x00000004   Code   RO         4949    .text               cpprt_w.l(arm_newhandler_noexceptions.o)
    0x000016ac   0x00000008   Code   RO         5032    .text               c_w.l(rt_errno_addr.o)
    0x000016b4   0x00000034   Code   RO         5041    .text               c_w.l(h1_extend.o)
    0x000016e8   0x0000008a   Code   RO         5045    .text               c_w.l(lludiv10.o)
    0x00001772   0x00000012   Code   RO         5047    .text               c_w.l(isspace.o)
    0x00001784   0x0000041a   Code   RO         5049    .text               c_w.l(_printf_fp_dec.o)
    0x00001b9e   0x00000002   PAD
    0x00001ba0   0x000002fc   Code   RO         5051    .text               c_w.l(_printf_fp_hex.o)
    0x00001e9c   0x0000002c   Code   RO         5056    .text               c_w.l(_printf_char.o)
    0x00001ec8   0x0000002c   Code   RO         5060    .text               c_w.l(_printf_wchar.o)
    0x00001ef4   0x00000374   Code   RO         5062    .text               c_w.l(_scanf.o)
    0x00002268   0x00000042   Code   RO         5072    .text               c_w.l(ftell.o)
    0x000022aa   0x00000040   Code   RO         5098    .text               c_w.l(_wcrtomb.o)
    0x000022ea   0x0000000a   Code   RO         5100    .text               c_w.l(defsig_exit.o)
    0x000022f4   0x0000000e   Code   RO         5102    .text               c_w.l(defsig_rtred_outer.o)
    0x00002302   0x0000000e   Code   RO         5106    .text               c_w.l(defsig_rtmem_outer.o)
    0x00002310   0x00000030   Code   RO         5110    .text               c_w.l(defsig_pvfn_inner.o)
    0x00002340   0x00000008   Code   RO         5119    .text               c_w.l(heapauxmm.o)
    0x00002348   0x0000001a   Code   RO         5159    .text               cpprt_w.l(arm_exceptions_terminate.o)
    0x00002362   0x00000002   PAD
    0x00002364   0x00000050   Code   RO         5162    .text               cpprt_w.l(arm_exceptions_globs.o)
    0x000023b4   0x0000000c   Code   RO         5170    .text               c_w.l(sys_exit.o)
    0x000023c0   0x00000010   Code   RO         5172    .text               c_w.l(rt_ctype_table.o)
    0x000023d0   0x00000008   Code   RO         5174    .text               c_w.l(rt_locale.o)
    0x000023d8   0x00000008   Code   RO         5179    .text               c_w.l(rt_eh_globals_addr.o)
    0x000023e0   0x00000080   Code   RO         5186    .text               c_w.l(_printf_fp_infnan.o)
    0x00002460   0x000000dc   Code   RO         5188    .text               c_w.l(bigflt0.o)
    0x0000253c   0x00000016   Code   RO         5218    .text               c_w.l(abort.o)
    0x00002552   0x00000032   Code   RO         5222    .text               c_w.l(defsig_general.o)
    0x00002584   0x00000034   Code   RO         5224    .text               c_w.l(defsig_rtred_inner.o)
    0x000025b8   0x00000050   Code   RO         5226    .text               c_w.l(defsig_rtmem_inner.o)
    0x00002608   0x0000003c   Code   RO         5241    .text               cpprt_w.l(arm_exceptions_mem.o)
    0x00002644   0x0000000e   Code   RO         5272    .text               c_w.l(sys_wrch.o)
    0x00002652   0x00000002   Code   RO         5274    .text               c_w.l(use_no_semi.o)
    0x00002654   0x00000000   Code   RO         5276    .text               c_w.l(indicate_semi.o)
    0x00002654   0x0000000e   Code   RO         5290    .text               c_w.l(defsig_abrt_outer.o)
    0x00002662   0x00000002   PAD
    0x00002664   0x00000030   Code   RO         5310    .text               c_w.l(defsig_abrt_inner.o)
    0x00002694   0x0000003e   Code   RO         5191    CL$$btod_d2e        c_w.l(btod.o)
    0x000026d2   0x00000046   Code   RO         5193    CL$$btod_d2e_denorm_low  c_w.l(btod.o)
    0x00002718   0x00000060   Code   RO         5192    CL$$btod_d2e_norm_op1  c_w.l(btod.o)
    0x00002778   0x00000338   Code   RO         5201    CL$$btod_div_common  c_w.l(btod.o)
    0x00002ab0   0x000000c6   Code   RO         5198    CL$$btod_e2e        c_w.l(btod.o)
    0x00002b76   0x00000028   Code   RO         5195    CL$$btod_ediv       c_w.l(btod.o)
    0x00002b9e   0x00000028   Code   RO         5194    CL$$btod_emul       c_w.l(btod.o)
    0x00002bc6   0x00000244   Code   RO         5200    CL$$btod_mult_common  c_w.l(btod.o)
    0x00002e0a   0x00000010   Code   RO         2589    i.$Sub$$main        mbed.lib(retarget.o)
    0x00002e1a   0x00000002   PAD
    0x00002e1c   0x00000040   Code   RO          990    i.NVIC_SetVector    cmsis_nvic.o
    0x00002e5c   0x000002d4   Code   RO         1045    i.SystemCoreClockUpdate  system_lpc407x_8x_177x_8x.o
    0x00003130   0x000000ec   Code   RO         1046    i.SystemInit        system_lpc407x_8x_177x_8x.o
    0x0000321c   0x000000bc   Code   RO          549    i._Z10drawTopBarifi  view.o
    0x000032d8   0x000000e4   Code   RO          356    i._Z10movingShip4shipf  model.o
    0x000033bc   0x000000fc   Code   RO         3389    i._Z10sdram_initv   ebb.lib(sdram.o)
    0x000034b8   0x0000005c   Code   RO         3390    i._Z10sdram_testv   ebb.lib(sdram.o)
    0x00003514   0x00000048   Code   RO         3391    i._Z11calibrationv  ebb.lib(sdram.o)
    0x0000355c   0x00000084   Code   RO          357    i._Z11damagedShipP4rock  model.o
    0x000035e0   0x00000084   Code   RO         3392    i._Z11find_cmddlyv  ebb.lib(sdram.o)
    0x00003664   0x00000028   Code   RO          358    i._Z11fireRocketsv  model.o
    0x0000368c   0x00000094   Code   RO          359    i._Z11hitAsteroidP7missileP4rock  model.o
    0x00003720   0x00000020   Code   RO         2590    i._Z11init_serialv  mbed.lib(retarget.o)
    0x00003740   0x00000010   Code   RO          360    i._Z11missileNodeP7missile  model.o
    0x00003750   0x00000068   Code   RO          361    i._Z11moveForwardv  model.o
    0x000037b8   0x000000b4   Code   RO          362    i._Z11newMissilesP7missile  model.o
    0x0000386c   0x00000074   Code   RO          838    i._Z11startButtonv  asteroids.o
    0x000038e0   0x00000028   Code   RO         3087    i._Z11str_to_uintPcj  ebb.lib(ealcdboard.o)
    0x00003908   0x00000010   Code   RO          363    i._Z12asteroidNodeP4rock  model.o
    0x00003918   0x00000060   Code   RO          550    i._Z12drawAsteroidP4rock  view.o
    0x00003978   0x00000040   Code   RO          551    i._Z12drawMissilesP7missile  view.o
    0x000039b8   0x00000040   Code   RO          364    i._Z12initMissilesv  model.o
    0x000039f8   0x00000020   Code   RO          552    i._Z12init_DBufferv  view.o
    0x00003a18   0x000001fc   Code   RO          365    i._Z12newAsteroidsv  model.o
    0x00003c14   0x0000002c   Code   RO          553    i._Z12swap_DBufferv  view.o
    0x00003c40   0x00000058   Code   RO         3393    i._Z13adjust_timingv  ebb.lib(sdram.o)
    0x00003c98   0x00000084   Code   RO         3394    i._Z13find_fbclkdlyv  ebb.lib(sdram.o)
    0x00003d1c   0x00000040   Code   RO          366    i._Z13initAsteroidsv  model.o
    0x00003d5c   0x00000068   Code   RO          367    i._Z13moveBackwardsv  model.o
    0x00003dc4   0x0000001c   Code   RO          368    i._Z14locateRockNodev  model.o
    0x00003de0   0x000000c8   Code   RO          554    i._Z14transformShapev  view.o
    0x00003ea8   0x0000002e   Code   RO          369    i._Z14updateRockListP4rock  model.o
    0x00003ed6   0x00000002   PAD
    0x00003ed8   0x000000b8   Code   RO          370    i._Z15missileMovementP7missile  model.o
    0x00003f90   0x000000d0   Code   RO          371    i._Z17asteroidMovementsP4rockf  model.o
    0x00004060   0x0000001c   Code   RO          372    i._Z17locateMissileNodev  model.o
    0x0000407c   0x0000002e   Code   RO          373    i._Z17updateMissileListP7missile  model.o
    0x000040aa   0x00000002   PAD
    0x000040ac   0x00000080   Code   RO           59    i._Z24buttonPressedAndReleased10joystick_t  controller.o
    0x0000412c   0x000000d0   Code   RO          555    i._Z4drawv          view.o
    0x000041fc   0x000000c8   Code   RO          374    i._Z7physicsv       model.o
    0x000042c4   0x00000020   Code   RO            4    i._Z7radiansf       utils.o
    0x000042e4   0x00000054   Code   RO           60    i._Z8controlsv      controller.o
    0x00004338   0x00000190   Code   RO          556    i._Z8drawShip4ship  view.o
    0x000044c8   0x0000005c   Code   RO          557    i._Z8gameoverv      view.o
    0x00004524   0x00000018   Code   RO          375    i._Z8turnLeftv      model.o
    0x0000453c   0x00000354   Code   RO         3396    i._Z9pinConfigv     ebb.lib(sdram.o)
    0x00004890   0x0000000a   Code   RO         3088    i._Z9port_pin28PortNamei  ebb.lib(ealcdboard.o)
    0x0000489a   0x00000018   Code   RO            5    i._Z9randrangeii    utils.o
    0x000048b2   0x00000002   PAD
    0x000048b4   0x00000024   Code   RO          558    i._Z9rock_flipv     view.o
    0x000048d8   0x00000048   Code   RO          839    i._Z9startGamev     asteroids.o
    0x00004920   0x00000018   Code   RO          376    i._Z9turnRightv     model.o
    0x00004938   0x0000007e   Code   RO         3089    i._ZN10EaLcdBoard10eepromReadEPhtt  ebb.lib(ealcdboard.o)
    0x000049b6   0x00000002   PAD
    0x000049b8   0x000000dc   Code   RO         3090    i._ZN10EaLcdBoard10execPinSetEPcj  ebb.lib(ealcdboard.o)
    0x00004a94   0x00000058   Code   RO         3091    i._ZN10EaLcdBoard10getInitSeqEPci  ebb.lib(ealcdboard.o)
    0x00004aec   0x00000084   Code   RO         3093    i._ZN10EaLcdBoard11execSeqCtrlEPcj  ebb.lib(ealcdboard.o)
    0x00004b70   0x00000020   Code   RO         3094    i._ZN10EaLcdBoard11set5VSignalEb  ebb.lib(ealcdboard.o)
    0x00004b90   0x0000003e   Code   RO         3095    i._ZN10EaLcdBoard11setLsStatesEtPhh  ebb.lib(ealcdboard.o)
    0x00004bce   0x00000022   Code   RO         3096    i._ZN10EaLcdBoard12checkVersionEPcj  ebb.lib(ealcdboard.o)
    0x00004bf0   0x000000dc   Code   RO         3097    i._ZN10EaLcdBoard12getLcdConfigEPN13LcdController6ConfigE  ebb.lib(ealcdboard.o)
    0x00004ccc   0x00000020   Code   RO         3098    i._ZN10EaLcdBoard12set3V3SignalEb  ebb.lib(ealcdboard.o)
    0x00004cec   0x00000044   Code   RO         3101    i._ZN10EaLcdBoard14setFrameBufferEj  ebb.lib(ealcdboard.o)
    0x00004d30   0x000000be   Code   RO         3103    i._ZN10EaLcdBoard15parseInitStringEPcPN13LcdController6ConfigE  ebb.lib(ealcdboard.o)
    0x00004dee   0x0000002c   Code   RO         3104    i._ZN10EaLcdBoard15pca9532_setLedsEtt  ebb.lib(ealcdboard.o)
    0x00004e1a   0x0000002e   Code   RO         3108    i._ZN10EaLcdBoard20setBacklightContrastEj  ebb.lib(ealcdboard.o)
    0x00004e48   0x00000036   Code   RO         3109    i._ZN10EaLcdBoard21pca9532_setBlink0DutyEh  ebb.lib(ealcdboard.o)
    0x00004e7e   0x00000018   Code   RO         3110    i._ZN10EaLcdBoard21pca9532_setBlink0LedsEt  ebb.lib(ealcdboard.o)
    0x00004e96   0x00000020   Code   RO         3111    i._ZN10EaLcdBoard22setDisplayEnableSignalEb  ebb.lib(ealcdboard.o)
    0x00004eb6   0x00000022   Code   RO         3112    i._ZN10EaLcdBoard23pca9532_setBlink0PeriodEh  ebb.lib(ealcdboard.o)
    0x00004ed8   0x0000004c   Code   RO         3113    i._ZN10EaLcdBoard4openEPN13LcdController6ConfigEPc  ebb.lib(ealcdboard.o)
    0x00004f24   0x0000006c   Code   RO         3115    i._ZN10EaLcdBoard7setLedsEv  ebb.lib(ealcdboard.o)
    0x00004f90   0x00000028   Code   RO         3116    i._ZN10EaLcdBoard8getStoreEPNS_7store_tE  ebb.lib(ealcdboard.o)
    0x00004fb8   0x0000001e   Code   RO         3117    i._ZN10EaLcdBoard9execDelayEPcj  ebb.lib(ealcdboard.o)
    0x00004fd6   0x00000002   PAD
    0x00004fd8   0x00000044   Code   RO         3118    i._ZN10EaLcdBoardC1E7PinNameS0_  ebb.lib(ealcdboard.o)
    0x0000501c   0x0000006e   Code   RO         1613    i._ZN12Adafruit_GFX10drawBitmapEssPKhsst  ebb.lib(adafruit_gfx.o)
    0x0000508a   0x00000040   Code   RO         1615    i._ZN12Adafruit_GFX10fillCircleEssst  ebb.lib(adafruit_gfx.o)
    0x000050ca   0x0000002e   Code   RO         1626    i._ZN12Adafruit_GFX13drawFastVLineEssst  ebb.lib(adafruit_gfx.o)
    0x000050f8   0x000000f6   Code   RO         1631    i._ZN12Adafruit_GFX16fillCircleHelperEssshst  ebb.lib(adafruit_gfx.o)
    0x000051ee   0x00000008   Code   RO         1632    i._ZN12Adafruit_GFX5widthEv  ebb.lib(adafruit_gfx.o)
    0x000051f6   0x0000007a   Code   RO         1633    i._ZN12Adafruit_GFX5writeEh  ebb.lib(adafruit_gfx.o)
    0x00005270   0x00000008   Code   RO         1634    i._ZN12Adafruit_GFX6heightEv  ebb.lib(adafruit_gfx.o)
    0x00005278   0x00000104   Code   RO         1635    i._ZN12Adafruit_GFX8drawCharEsshtth  ebb.lib(adafruit_gfx.o)
    0x0000537c   0x000000dc   Code   RO         1636    i._ZN12Adafruit_GFX8drawLineEsssst  ebb.lib(adafruit_gfx.o)
    0x00005458   0x00000036   Code   RO         1638    i._ZN12Adafruit_GFX8fillRectEsssst  ebb.lib(adafruit_gfx.o)
    0x0000548e   0x00000006   Code   RO         1639    i._ZN12Adafruit_GFX9setCursorEss  ebb.lib(adafruit_gfx.o)
    0x00005494   0x00000030   Code   RO         1640    i._ZN12Adafruit_GFXC2Ess  ebb.lib(adafruit_gfx.o)
    0x000054c4   0x00000018   Code   RO         4148    i._ZN13LcdController14setFrameBufferEj  ebb.lib(lcdcontroller.o)
    0x000054dc   0x0000003c   Code   RO         4149    i._ZN13LcdController15getClockDivisorEi  ebb.lib(lcdcontroller.o)
    0x00005518   0x000001c0   Code   RO         4150    i._ZN13LcdController4initEPNS_6ConfigE  ebb.lib(lcdcontroller.o)
    0x000056d8   0x00000048   Code   RO         4151    i._ZN13LcdController4openEPNS_6ConfigE  ebb.lib(lcdcontroller.o)
    0x00005720   0x00000060   Code   RO         2119    i._ZN13LcdController6ConfigC1EiiiiiiiibbbbiNS_12BitsPerPixelEiNS_8LcdPanelEb  ebb.lib(display.o)
    0x00005780   0x00000044   Code   RO         4153    i._ZN13LcdController8setPowerEb  ebb.lib(lcdcontroller.o)
    0x000057c4   0x0000015c   Code   RO         4154    i._ZN13LcdController9pinConfigEv  ebb.lib(lcdcontroller.o)
    0x00005920   0x00000006   Code   RO         4155    i._ZN13LcdControllerC1Ev  ebb.lib(lcdcontroller.o)
    0x00005926   0x00000020   Code   RO         2867    i._ZN14EaLcdBoardGPIO11set5VSignalEb  ebb.lib(ealcdboardgpio.o)
    0x00005946   0x00000020   Code   RO         2868    i._ZN14EaLcdBoardGPIO12set3V3SignalEb  ebb.lib(ealcdboardgpio.o)
    0x00005966   0x00000002   Code   RO         2869    i._ZN14EaLcdBoardGPIO15setWriteProtectEb  ebb.lib(ealcdboardgpio.o)
    0x00005968   0x0000005c   Code   RO         2870    i._ZN14EaLcdBoardGPIO20setBacklightContrastEj  ebb.lib(ealcdboardgpio.o)
    0x000059c4   0x00000038   Code   RO         2871    i._ZN14EaLcdBoardGPIO22setDisplayEnableSignalEb  ebb.lib(ealcdboardgpio.o)
    0x000059fc   0x0000009c   Code   RO         2872    i._ZN14EaLcdBoardGPIOC1E7PinNameS0_  ebb.lib(ealcdboardgpio.o)
    0x00005a98   0x0000001a   Code   RO         2921    i._ZN4mbed10DigitalOutC1E7PinName  ebb.lib(ealcdboardgpio.o)
    0x00005ab2   0x00000002   PAD
    0x00005ab4   0x0000005c   Code   RO         2915    i._ZN4mbed10DigitalOutaSEi  ebb.lib(ealcdboardgpio.o)
    0x00005b10   0x0000003a   Code   RO         2464    i._ZN4mbed10FileHandle4flenEv  mbed.lib(filelike.o)
    0x00005b4a   0x00000010   Code   RO         1555    i._ZN4mbed10TimerEvent3irqEj  mbed.lib(timerevent.o)
    0x00005b5a   0x00000014   Code   RO         1556    i._ZN4mbed10TimerEvent6insertEj  mbed.lib(timerevent.o)
    0x00005b6e   0x0000000e   Code   RO         1557    i._ZN4mbed10TimerEvent6removeEv  mbed.lib(timerevent.o)
    0x00005b7c   0x0000002c   Code   RO         1559    i._ZN4mbed10TimerEventC2Ev  mbed.lib(timerevent.o)
    0x00005ba8   0x00000018   Code   RO         1561    i._ZN4mbed10TimerEventD2Ev  mbed.lib(timerevent.o)
    0x00005bc0   0x0000000e   Code   RO         2593    i._ZN4mbed26mbed_set_unbuffered_streamEPSt6__FILE  mbed.lib(retarget.o)
    0x00005bce   0x0000003a   Code   RO         3770    i._ZN4mbed3I2C4readEiPcib  mbed.lib(i2c.o)
    0x00005c08   0x0000003a   Code   RO         3774    i._ZN4mbed3I2C5writeEiPKcib  mbed.lib(i2c.o)
    0x00005c42   0x00000002   PAD
    0x00005c44   0x00000020   Code   RO         3775    i._ZN4mbed3I2C6aquireEv  mbed.lib(i2c.o)
    0x00005c64   0x0000002c   Code   RO         3777    i._ZN4mbed3I2CC1E7PinNameS1_  mbed.lib(i2c.o)
    0x00005c90   0x00000006   Code   RO         1290    i._ZN4mbed6Stream4flenEv  mbed.lib(stream.o)
    0x00005c96   0x00000006   Code   RO         1296    i._ZN4mbed6Stream5closeEv  mbed.lib(stream.o)
    0x00005c9c   0x00000006   Code   RO         1298    i._ZN4mbed6Stream5lseekEli  mbed.lib(stream.o)
    0x00005ca2   0x00000030   Code   RO         1300    i._ZN4mbed6Stream5writeEPKvj  mbed.lib(stream.o)
    0x00005cd2   0x00000006   Code   RO         1301    i._ZN4mbed6Stream6isattyEv  mbed.lib(stream.o)
    0x00005cd8   0x00000028   Code   RO         1302    i._ZN4mbed6Stream6printfEPKcz  mbed.lib(stream.o)
    0x00005d00   0x00000048   Code   RO         1303    i._ZN4mbed6StreamC2EPKc  mbed.lib(stream.o)
    0x00005d48   0x00000022   Code   RO         1489    i._ZN4mbed6Ticker5setupEj  mbed.lib(ticker.o)
    0x00005d6a   0x00000002   PAD
    0x00005d6c   0x0000003c   Code   RO          877    i._ZN4mbed6Ticker6attachEPFvvEf  asteroids.o
    0x00005da8   0x00000016   Code   RO         1490    i._ZN4mbed6Ticker6detachEv  mbed.lib(ticker.o)
    0x00005dbe   0x00000038   Code   RO         1491    i._ZN4mbed6Ticker7handlerEv  mbed.lib(ticker.o)
    0x00005df6   0x00000002   PAD
    0x00005df8   0x0000002c   Code   RO          883    i._ZN4mbed6TickerC1Ev  asteroids.o
    0x00005e24   0x00000020   Code   RO          895    i._ZN4mbed6TickerD1Ev  asteroids.o
    0x00005e44   0x00000006   Code   RO         3500    i._ZN4mbed8FileBase11getPathTypeEv  mbed.lib(filebase.o)
    0x00005e4a   0x00000002   PAD
    0x00005e4c   0x00000038   Code   RO         3502    i._ZN4mbed8FileBase6lookupEPKcj  mbed.lib(filebase.o)
    0x00005e84   0x00000028   Code   RO         3504    i._ZN4mbed8FileBaseC1EPKcNS_8PathTypeE  mbed.lib(filebase.o)
    0x00005eac   0x0000002c   Code   RO         2432    i._ZN4mbed8FileLikeC2EPKc  mbed.lib(filelike.o)
    0x00005ed8   0x00000014   Code   RO         3565    i._ZN4mbed8FilePath10fileSystemEv  mbed.lib(filepath.o)
    0x00005eec   0x0000001c   Code   RO         3566    i._ZN4mbed8FilePath12isFileSystemEv  mbed.lib(filepath.o)
    0x00005f08   0x0000001e   Code   RO         3567    i._ZN4mbed8FilePath4fileEv  mbed.lib(filepath.o)
    0x00005f26   0x0000000e   Code   RO         3568    i._ZN4mbed8FilePath6existsEv  mbed.lib(filepath.o)
    0x00005f34   0x0000001c   Code   RO         3569    i._ZN4mbed8FilePath6isFileEv  mbed.lib(filepath.o)
    0x00005f50   0x00000006   Code   RO         3570    i._ZN4mbed8FilePath8fileNameEv  mbed.lib(filepath.o)
    0x00005f56   0x00000056   Code   RO         3571    i._ZN4mbed8FilePathC1EPKc  mbed.lib(filepath.o)
    0x00005fac   0x0000001a   Code   RO           90    i._ZN4mbed9DigitalInC1E7PinName  controller.o
    0x00005fc6   0x00000026   Code   RO         3319    i._ZN5GFXFb10fillScreenEt  ebb.lib(gfxfb.o)
    0x00005fec   0x00000068   Code   RO         3322    i._ZN5GFXFb13drawFastVLineEssst  ebb.lib(gfxfb.o)
    0x00006054   0x00000046   Code   RO         3325    i._ZN5GFXFb9drawPixelEsst  ebb.lib(gfxfb.o)
    0x0000609a   0x00000002   PAD
    0x0000609c   0x00000028   Code   RO         3326    i._ZN5GFXFbC1EttPt  ebb.lib(gfxfb.o)
    0x000060c4   0x0000003c   Code   RO         2062    i._ZN7Display10theDisplayEv  ebb.lib(display.o)
    0x00006100   0x00000014   Code   RO         2064    i._ZN7Display5_putcEi  ebb.lib(display.o)
    0x00006114   0x00000150   Code   RO         2066    i._ZN7DisplayC1Ev   ebb.lib(display.o)
    0x00006264   0x00000018   Code   RO          508    i._ZSt3cosf         model.o
    0x0000627c   0x00000018   Code   RO          514    i._ZSt3sinf         model.o
    0x00006294   0x00000018   Code   RO          502    i._ZSt4sqrtf        model.o
    0x000062ac   0x00000028   Code   RO         4599    i._Znwj             cpprt_w.l(new.o)
    0x000062d4   0x00000030   Code   RO         5262    i.__ARM_fpclassify  m_wm.l(fpclassify.o)
    0x00006304   0x00000026   Code   RO         4993    i.__ARM_fpclassifyf  m_wm.l(fpclassifyf.o)
    0x0000632a   0x00000010   Code   RO         4606    i.__cxa_guard_acquire  cpprt_w.l(cxa_guard_acquire.o)
    0x0000633a   0x00000006   Code   RO         4603    i.__cxa_pure_virtual  cpprt_w.l(pure_virt.o)
    0x00006340   0x00000150   Code   RO         4720    i.__hardfp_cosf     m_wm.l(cosf.o)
    0x00006490   0x00000190   Code   RO         4732    i.__hardfp_sinf     m_wm.l(sinf.o)
    0x00006620   0x0000003a   Code   RO         4744    i.__hardfp_sqrtf    m_wm.l(sqrtf.o)
    0x0000665a   0x00000006   Code   RO         4996    i.__mathlib_flt_infnan  m_wm.l(funder.o)
    0x00006660   0x00000010   Code   RO         4998    i.__mathlib_flt_invalid  m_wm.l(funder.o)
    0x00006670   0x00000010   Code   RO         5001    i.__mathlib_flt_underflow  m_wm.l(funder.o)
    0x00006680   0x00000154   Code   RO         5009    i.__mathlib_rredf2  m_wm.l(rredf.o)
    0x000067d4   0x00000006   Code   RO         3397    i.__reserved_stack_size  ebb.lib(sdram.o)
    0x000067da   0x00000002   PAD
    0x000067dc   0x00000044   Code   RO         3398    i.__rt_heap_extend  ebb.lib(sdram.o)
    0x00006820   0x00000068   Code   RO          840    i.__sti___13_asteroids_cpp_c3cbd22d  asteroids.o
    0x00006888   0x00000038   Code   RO           61    i.__sti___14_controller_cpp_joystick  controller.o
    0x000068c0   0x00000010   Code   RO          559    i.__sti___8_view_cpp_graphics  view.o
    0x000068d0   0x00000030   Code   RO         1081    i.__user_setup_stackheap  sys.o
    0x00006900   0x00000026   Code   RO         1140    i._gpio_init_in     mbed.lib(gpio.o)
    0x00006926   0x00000034   Code   RO         1141    i._gpio_init_out    mbed.lib(gpio.o)
    0x0000695a   0x0000000e   Code   RO         4509    i._is_digit         c_w.l(__printf_wp.o)
    0x00006968   0x00000030   Code   RO         2596    i._sys_close        mbed.lib(retarget.o)
    0x00006998   0x0000002c   Code   RO         2599    i._sys_flen         mbed.lib(retarget.o)
    0x000069c4   0x0000002c   Code   RO         2600    i._sys_istty        mbed.lib(retarget.o)
    0x000069f0   0x00000130   Code   RO         2601    i._sys_open         mbed.lib(retarget.o)
    0x00006b20   0x00000030   Code   RO         2603    i._sys_seek         mbed.lib(retarget.o)
    0x00006b50   0x00000064   Code   RO         2604    i._sys_write        mbed.lib(retarget.o)
    0x00006bb4   0x00000020   Code   RO         2313    i.error             mbed.lib(error.o)
    0x00006bd4   0x00000020   Code   RO         2606    i.exit              mbed.lib(retarget.o)
    0x00006bf4   0x00000050   Code   RO         1047    i.fpu_init          system_lpc407x_8x_177x_8x.o
    0x00006c44   0x0000001a   Code   RO         4536    i.fputc             c_w.l(fputc.o)
    0x00006c5e   0x00000002   PAD
    0x00006c60   0x00000008   Code   RO         2403    i.get_us_ticker_data  mbed.lib(us_ticker_api.o)
    0x00006c68   0x00000090   Code   RO         2497    i.gpio_dir          mbed.lib(gpio_api.o)
    0x00006cf8   0x00000038   Code   RO         2498    i.gpio_init         mbed.lib(gpio_api.o)
    0x00006d30   0x00000012   Code   RO         1142    i.gpio_init_in      mbed.lib(gpio.o)
    0x00006d42   0x00000014   Code   RO         1143    i.gpio_init_in_ex   mbed.lib(gpio.o)
    0x00006d56   0x00000012   Code   RO         1145    i.gpio_init_out     mbed.lib(gpio.o)
    0x00006d68   0x00000016   Code   RO         1146    i.gpio_init_out_ex  mbed.lib(gpio.o)
    0x00006d7e   0x00000012   Code   RO         2499    i.gpio_mode         mbed.lib(gpio_api.o)
    0x00006d90   0x00000070   Code   RO         2500    i.gpio_set          mbed.lib(gpio_api.o)
    0x00006e00   0x00000080   Code   RO         1147    i.gpio_write        mbed.lib(gpio.o)
    0x00006e80   0x00000080   Code   RO         4120    i.gpio_write        mbed.lib(board.o)
    0x00006f00   0x00000016   Code   RO         4267    i.i2c_clear_SI      mbed.lib(i2c_api.o)
    0x00006f16   0x00000018   Code   RO         4268    i.i2c_conclr        mbed.lib(i2c_api.o)
    0x00006f2e   0x00000018   Code   RO         4269    i.i2c_conset        mbed.lib(i2c_api.o)
    0x00006f46   0x0000003e   Code   RO         4270    i.i2c_do_read       mbed.lib(i2c_api.o)
    0x00006f84   0x00000020   Code   RO         4271    i.i2c_do_write      mbed.lib(i2c_api.o)
    0x00006fa4   0x0000001c   Code   RO         4272    i.i2c_frequency     mbed.lib(i2c_api.o)
    0x00006fc0   0x00000144   Code   RO         4273    i.i2c_init          mbed.lib(i2c_api.o)
    0x00007104   0x000000b0   Code   RO         4274    i.i2c_read          mbed.lib(i2c_api.o)
    0x000071b4   0x00000048   Code   RO         4383    i.i2c_start         mbed.lib(i2c_api.o)
    0x000071fc   0x00000008   Code   RO         4281    i.i2c_status        mbed.lib(i2c_api.o)
    0x00007204   0x00000040   Code   RO         4389    i.i2c_stop          mbed.lib(i2c_api.o)
    0x00007244   0x00000028   Code   RO         4282    i.i2c_wait_SI       mbed.lib(i2c_api.o)
    0x0000726c   0x00000082   Code   RO         4283    i.i2c_write         mbed.lib(i2c_api.o)
    0x000072ee   0x00000002   PAD
    0x000072f0   0x00000080   Code   RO          841    i.main              asteroids.o
    0x00007370   0x0000004c   Code   RO         1120    i.mbed_assert_internal  mbed.lib(assert.o)
    0x000073bc   0x00000074   Code   RO         4121    i.mbed_die          mbed.lib(board.o)
    0x00007430   0x00000002   Code   RO         2607    i.mbed_main         mbed.lib(retarget.o)
    0x00007432   0x00000002   Code   RO         2608    i.mbed_sdk_init     mbed.lib(retarget.o)
    0x00007434   0x00000074   Code   RO         3848    i.pin_function      mbed.lib(pinmap.o)
    0x000074a8   0x0000008c   Code   RO         3849    i.pin_mode          mbed.lib(pinmap.o)
    0x00007534   0x00000020   Code   RO         4216    i.pinmap_find_peripheral  mbed.lib(pinmap_common.o)
    0x00007554   0x00000040   Code   RO         4218    i.pinmap_merge      mbed.lib(pinmap_common.o)
    0x00007594   0x0000004c   Code   RO         4219    i.pinmap_peripheral  mbed.lib(pinmap_common.o)
    0x000075e0   0x00000054   Code   RO         4220    i.pinmap_pinout     mbed.lib(pinmap_common.o)
    0x00007634   0x000000f4   Code   RO         3875    i.pwmout_init       mbed.lib(pwmout_api.o)
    0x00007728   0x00000016   Code   RO         3877    i.pwmout_period_ms  mbed.lib(pwmout_api.o)
    0x0000773e   0x00000002   PAD
    0x00007740   0x00000044   Code   RO         3878    i.pwmout_period_us  mbed.lib(pwmout_api.o)
    0x00007784   0x00000068   Code   RO         3883    i.pwmout_write      mbed.lib(pwmout_api.o)
    0x000077ec   0x00000144   Code   RO         3955    i.serial_baud       mbed.lib(serial_api.o)
    0x00007930   0x000000fc   Code   RO         3959    i.serial_format     mbed.lib(serial_api.o)
    0x00007a2c   0x000001ac   Code   RO         3962    i.serial_init       mbed.lib(serial_api.o)
    0x00007bd8   0x00000018   Code   RO         3966    i.serial_putc       mbed.lib(serial_api.o)
    0x00007bf0   0x0000000c   Code   RO         3968    i.serial_writable   mbed.lib(serial_api.o)
    0x00007bfc   0x00000050   Code   RO         2351    i.ticker_insert_event  mbed.lib(ticker_api.o)
    0x00007c4c   0x0000005a   Code   RO         2352    i.ticker_irq_handler  mbed.lib(ticker_api.o)
    0x00007ca6   0x0000000c   Code   RO         2353    i.ticker_read       mbed.lib(ticker_api.o)
    0x00007cb2   0x00000052   Code   RO         2354    i.ticker_remove_event  mbed.lib(ticker_api.o)
    0x00007d04   0x00000012   Code   RO         2355    i.ticker_set_handler  mbed.lib(ticker_api.o)
    0x00007d16   0x00000002   PAD
    0x00007d18   0x0000000c   Code   RO         2538    i.us_ticker_clear_interrupt  mbed.lib(us_ticker.o)
    0x00007d24   0x00000014   Code   RO         2539    i.us_ticker_disable_interrupt  mbed.lib(us_ticker.o)
    0x00007d38   0x00000074   Code   RO         2540    i.us_ticker_init    mbed.lib(us_ticker.o)
    0x00007dac   0x00000010   Code   RO         2404    i.us_ticker_irq_handler  mbed.lib(us_ticker_api.o)
    0x00007dbc   0x0000001c   Code   RO         2541    i.us_ticker_read    mbed.lib(us_ticker.o)
    0x00007dd8   0x00000014   Code   RO         2542    i.us_ticker_set_interrupt  mbed.lib(us_ticker.o)
    0x00007dec   0x00000028   Code   RO         1246    i.wait              mbed.lib(wait_api.o)
    0x00007e14   0x00000012   Code   RO         1247    i.wait_ms           mbed.lib(wait_api.o)
    0x00007e26   0x00000018   Code   RO         1248    i.wait_us           mbed.lib(wait_api.o)
    0x00007e3e   0x00000002   PAD
    0x00007e40   0x0000002c   Code   RO         5216    locale$$code        c_w.l(lc_numeric_c.o)
    0x00007e6c   0x0000002c   Code   RO         5286    locale$$code        c_w.l(lc_ctype_c.o)
    0x00007e98   0x00000008   Code   RO          889    t._ZN4mbed19FunctionPointerArg1IvvE6attachEPFvvE  asteroids.o
    0x00007ea0   0x0000000c   Code   RO         4978    x$fpl$dretinf       fz_wm.l(dretinf.o)
    0x00007eac   0x00000056   Code   RO         4718    x$fpl$f2d           fz_wm.l(f2d.o)
    0x00007f02   0x0000008c   Code   RO         4980    x$fpl$fnaninf       fz_wm.l(fnaninf.o)
    0x00007f8e   0x0000000a   Code   RO         5168    x$fpl$fpinit        fz_wm.l(fpinit.o)
    0x00007f98   0x00000004   Code   RO         4982    x$fpl$printf1       fz_wm.l(printf1.o)
    0x00007f9c   0x00000004   Code   RO         4984    x$fpl$printf2       fz_wm.l(printf2.o)
    0x00007fa0   0x00000000   Code   RO         4992    x$fpl$usenofp       fz_wm.l(usenofp.o)
    0x00007fa0   0x000000e0   Data   RO          572    .constdata          view.o
    0x00008080   0x000004fb   Data   RO         1669    .constdata          ebb.lib(adafruit_gfx.o)
    0x0000857b   0x00000001   PAD
    0x0000857c   0x0000001c   Data   RO         2405    .constdata          mbed.lib(us_ticker_api.o)
    0x00008598   0x00000017   Data   RO         2650    .constdata          mbed.lib(retarget.o)
    0x000085af   0x00000001   PAD
    0x000085b0   0x00000190   Data   RO         3884    .constdata          mbed.lib(pwmout_api.o)
    0x00008740   0x0000012c   Data   RO         3976    .constdata          mbed.lib(serial_api.o)
    0x0000886c   0x00000128   Data   RO         4284    .constdata          mbed.lib(i2c_api.o)
    0x00008994   0x00000028   Data   RO         4497    .constdata          c_w.l(_printf_hex_int_ll_ptr.o)
    0x000089bc   0x00000011   Data   RO         4517    .constdata          c_w.l(__printf_flags_ss_wp.o)
    0x000089cd   0x00000003   PAD
    0x000089d0   0x00000008   Data   RO         4815    .constdata          c_w.l(_printf_wctomb.o)
    0x000089d8   0x00000020   Data   RO         5010    .constdata          m_wm.l(rredf.o)
    0x000089f8   0x00000026   Data   RO         5052    .constdata          c_w.l(_printf_fp_hex.o)
    0x00008a1e   0x00000002   PAD
    0x00008a20   0x00000094   Data   RO         5189    .constdata          c_w.l(bigflt0.o)
    0x00008ab4   0x0000001c   Data   RO         3294    .constdata__ZTV10EaLcdBoard  ebb.lib(ealcdboard.o)
    0x00008ad0   0x0000002c   Data   RO         1809    .constdata__ZTV12Adafruit_GFX  ebb.lib(adafruit_gfx.o)
    0x00008afc   0x0000001c   Data   RO         2914    .constdata__ZTV14EaLcdBoardGPIO  ebb.lib(ealcdboardgpio.o)
    0x00008b18   0x0000002c   Data   RO         3378    .constdata__ZTV5GFXFb  ebb.lib(gfxfb.o)
    0x00008b44   0x00000070   Data   RO         2118    .constdata__ZTV7Display  ebb.lib(display.o)
    0x00008bb4   0x0000002c   Data   RO         2816    .constdata__ZTVN4mbed10FileHandleE  mbed.lib(retarget.o)
    0x00008be0   0x00000014   Data   RO         1605    .constdata__ZTVN4mbed10TimerEventE  mbed.lib(timerevent.o)
    0x00008bf4   0x00000044   Data   RO         1401    .constdata__ZTVN4mbed6StreamE  mbed.lib(stream.o)
    0x00008c38   0x00000014   Data   RO         1517    .constdata__ZTVN4mbed6TickerE  mbed.lib(ticker.o)
    0x00008c4c   0x00000010   Data   RO         3551    .constdata__ZTVN4mbed8FileBaseE  mbed.lib(filebase.o)
    0x00008c5c   0x0000003c   Data   RO         2463    .constdata__ZTVN4mbed8FileLikeE  mbed.lib(filelike.o)
    0x00008c98   0x00000048   Data   RO           66    .conststring        controller.o
    0x00008ce0   0x00000042   Data   RO         3885    .conststring        mbed.lib(pwmout_api.o)
    0x00008d22   0x00000002   PAD
    0x00008d24   0x000000c6   Data   RO         3977    .conststring        mbed.lib(serial_api.o)
    0x00008dea   0x00000002   PAD
    0x00008dec   0x00000020   Data   RO         5381    Region$$Table       anon$$obj.o
    0x00008e0c   0x0000001c   Data   RO         5215    locale$$data        c_w.l(lc_numeric_c.o)
    0x00008e28   0x00000110   Data   RO         5285    locale$$data        c_w.l(lc_ctype_c.o)
    0x00008f38   0x00000004   Data   RO           68    .init_array         controller.o
    0x00008f3c   0x00000004   Data   RO          574    .init_array         view.o
    0x00008f40   0x00000004   Data   RO          849    .init_array         asteroids.o
    0x00008f44   0x00000000   Data   RO         4591    .init_array         c_w.l(init_aeabi.o)


    Execution Region RW_IRAM1 (Base: 0x100000e8, Size: 0x0000aa8c, Max: 0x0000ff18, ABSOLUTE, COMPRESSED[0x00000b88])

    Base Addr    Size         Type   Attr      Idx    E Section Name        Object

    0x100000e8   0x00000014   Data   RW           67    .data               controller.o
    0x100000fc   0x00003528   Data   RW          399    .data               model.o
    0x10003624   0x00003528   Data   RW          573    .data               view.o
    0x10006b4c   0x0000353c   Data   RW          848    .data               asteroids.o
    0x1000a088   0x00000010   Data   RW         1048    .data               system_lpc407x_8x_177x_8x.o
    0x1000a098   0x00000008   Data   RW         2080    .data               ebb.lib(display.o)
    0x1000a0a0   0x00000008   Data   RW         2406    .data               mbed.lib(us_ticker_api.o)
    0x1000a0a8   0x00000004   Data   RW         2543    .data               mbed.lib(us_ticker.o)
    0x1000a0ac   0x00000010   Data   RW         3409    .data               ebb.lib(sdram.o)
    0x1000a0bc   0x00000004   Data   RW         3514    .data               mbed.lib(filebase.o)
    0x1000a0c0   0x00000004   Data   RW         3787    .data               mbed.lib(i2c.o)
    0x1000a0c4   0x00000004   Data   RW         3886    .data               mbed.lib(pwmout_api.o)
    0x1000a0c8   0x00000010   Data   RW         3978    .data               mbed.lib(serial_api.o)
    0x1000a0d8   0x00000001   Data   RW         4164    .data               ebb.lib(lcdcontroller.o)
    0x1000a0d9   0x00000003   PAD
    0x1000a0dc   0x00000004   Data   RW         4548    .data               c_w.l(stdio_streams.o)
    0x1000a0e0   0x00000004   Data   RW         4549    .data               c_w.l(stdio_streams.o)
    0x1000a0e4   0x00000004   Data   RW         4550    .data               c_w.l(stdio_streams.o)
    0x1000a0e8   0x00000078   Zero   RW           65    .bss                controller.o
    0x1000a160   0x00000230   Zero   RW          398    .bss                model.o
    0x1000a390   0x000000e0   Zero   RW          571    .bss                view.o
    0x1000a470   0x000000bc   Zero   RW          846    .bss                asteroids.o
    0x1000a52c   0x00000040   Zero   RW         2649    .bss                mbed.lib(retarget.o)
    0x1000a56c   0x00000400   Zero   RW         3151    .bss                ebb.lib(ealcdboard.o)
    0x1000a96c   0x00000054   Zero   RW         4545    .bss                c_w.l(stdio_streams.o)
    0x1000a9c0   0x00000054   Zero   RW         4546    .bss                c_w.l(stdio_streams.o)
    0x1000aa14   0x00000054   Zero   RW         4547    .bss                c_w.l(stdio_streams.o)
    0x1000aa68   0x000000e4   Zero   RW         4565    .bss                c_w.l(rand.o)
    0x1000ab4c   0x00000004   Zero   RW         4760    .bss                c_w.l(rt_heap_descriptor.o)
    0x1000ab50   0x00000004   Zero   RW         4765    .bss                c_w.l(rt_new_handler_addr.o)
    0x1000ab54   0x00000004   Zero   RW         4770    .bss                c_w.l(rt_ddtor_pointer_addr.o)
    0x1000ab58   0x00000004   Zero   RW         5033    .bss                c_w.l(rt_errno_addr.o)
    0x1000ab5c   0x00000014   Zero   RW         5175    .bss                c_w.l(rt_locale.o)
    0x1000ab70   0x00000004   Zero   RW         5180    .bss                c_w.l(rt_eh_globals_addr.o)


    Execution Region RW_IRAM2 (Base: 0x20000000, Size: 0x00000000, Max: 0x00004000, ABSOLUTE)

    **** No section assigned to this execution region ****


    Execution Region RW_IRAM3 (Base: 0x20004000, Size: 0x00000000, Max: 0x00004000, ABSOLUTE)

    **** No section assigned to this execution region ****



  Load Region LR_IROM2 (Base: 0x28000000, Size: 0x00000000, Max: 0x01000000, ABSOLUTE)

    Execution Region ER_IROM2 (Base: 0x28000000, Size: 0x00000000, Max: 0x01000000, ABSOLUTE)

    **** No section assigned to this execution region ****


==============================================================================

Image component sizes


      Code (inc. data)   RO Data    RW Data    ZI Data      Debug   Object Name

       564        140          4      13628        188      10205   asteroids.o
        18          0          0          0          0        412   bitflip.o
        64          6          0          0          0      28341   cmsis_nvic.o
       294         48         76         20        120      12250   controller.o
      2464        194          0      13608        560      17135   model.o
        40         12        228          0          0       1388   startup_lpc407x_8x_177x_8x.o
        48          6          0          0          0       3361   sys.o
      1040         62          0         16          0       5208   system_lpc407x_8x_177x_8x.o
        56         10          0          0          0       6847   utils.o
      1376        224        228      13608        224      55858   view.o

    ----------------------------------------------------------------------
      5972        702        568      40880       1092     141005   Object Totals
         0          0         32          0          0          0   (incl. Generated)
         8          0          0          0          0          0   (incl. Padding)

    ----------------------------------------------------------------------

      Code (inc. data)   RO Data    RW Data    ZI Data      Debug   Library Member Name

        60          8          0          0          0         84   __0sscanf.o
        44          6          0          0          0         84   __2sprintf.o
       100          0          0          0          0          0   __dclz77c.o
         8          0          0          0          0         68   __main.o
       392          4         17          0          0         92   __printf_flags_ss_wp.o
        14          0          0          0          0         68   __printf_wp.o
         0          0          0          0          0          0   __rtentry.o
        12          0          0          0          0          0   __rtentry2.o
         6          0          0          0          0          0   __rtentry4.o
        52          8          0          0          0          0   __scatter.o
        28          0          0          0          0          0   __scatter_zi.o
        28          0          0          0          0         68   _chval.o
         6          0          0          0          0          0   _printf_a.o
         6          0          0          0          0          0   _printf_c.o
        44          0          0          0          0        108   _printf_char.o
        48          6          0          0          0         96   _printf_char_common.o
        36          4          0          0          0         80   _printf_char_file.o
        40          0          0          0          0         68   _printf_charcount.o
         6          0          0          0          0          0   _printf_d.o
       120         16          0          0          0         92   _printf_dec.o
         6          0          0          0          0          0   _printf_e.o
         6          0          0          0          0          0   _printf_f.o
      1050          0          0          0          0        216   _printf_fp_dec.o
       764          8         38          0          0        100   _printf_fp_hex.o
       128         16          0          0          0         84   _printf_fp_infnan.o
         6          0          0          0          0          0   _printf_g.o
       148          4         40          0          0        160   _printf_hex_int_ll_ptr.o
         6          0          0          0          0          0   _printf_i.o
       178          0          0          0          0         88   _printf_intcommon.o
        10          0          0          0          0          0   _printf_l.o
         6          0          0          0          0          0   _printf_lc.o
        10          0          0          0          0          0   _printf_ll.o
         6          0          0          0          0          0   _printf_lld.o
         6          0          0          0          0          0   _printf_lli.o
         6          0          0          0          0          0   _printf_llo.o
         6          0          0          0          0          0   _printf_llu.o
         6          0          0          0          0          0   _printf_llx.o
       124         16          0          0          0         92   _printf_longlong_dec.o
         6          0          0          0          0          0   _printf_ls.o
         6          0          0          0          0          0   _printf_n.o
         6          0          0          0          0          0   _printf_o.o
       112          8          0          0          0        124   _printf_oct_int_ll.o
         6          0          0          0          0          0   _printf_p.o
        78          0          0          0          0        108   _printf_pad.o
         0          0          0          0          0          0   _printf_percent.o
         4          0          0          0          0          0   _printf_percent_end.o
         6          0          0          0          0          0   _printf_s.o
        82          0          0          0          0         80   _printf_str.o
        36          0          0          0          0         84   _printf_truncate.o
         6          0          0          0          0          0   _printf_u.o
        44          0          0          0          0        108   _printf_wchar.o
       188          6          8          0          0         92   _printf_wctomb.o
         6          0          0          0          0          0   _printf_x.o
        22          0          0          0          0        100   _rserrno.o
       884          6          0          0          0        100   _scanf.o
       332          0          0          0          0         96   _scanf_int.o
        64          0          0          0          0         84   _sgetc.o
        10          0          0          0          0         68   _sputc.o
        64          0          0          0          0         92   _wcrtomb.o
        22          0          0          0          0         80   abort.o
        46          0          0          0          0         84   aeabi_atexit.o
       220          4        148          0          0         96   bigflt0.o
      1910        128          0          0          0        672   btod.o
        10          0          0          0          0         68   c89vfprintf.o
        66          0          0          0          0         84   cxa_finalize.o
        48         34          0          0          0         76   defsig_abrt_inner.o
        14          0          0          0          0         80   defsig_abrt_outer.o
        10          0          0          0          0         68   defsig_exit.o
        50          0          0          0          0         88   defsig_general.o
        48         34          0          0          0         76   defsig_pvfn_inner.o
        14          0          0          0          0         80   defsig_pvfn_outer.o
        80         58          0          0          0         76   defsig_rtmem_inner.o
        14          0          0          0          0         80   defsig_rtmem_outer.o
        52         38          0          0          0         76   defsig_rtred_inner.o
        14          0          0          0          0         80   defsig_rtred_outer.o
        76          0          0          0          0         88   fclose.o
         8          0          0          0          0         68   ferror.o
       100          4          0          0          0        120   fflush.o
       470          0          0          0          0         88   flsbuf.o
       236          4          0          0          0        128   fopen.o
        26          0          0          0          0         68   fputc.o
       248          6          0          0          0         84   fseek.o
        66          0          0          0          0         76   ftell.o
        94          0          0          0          0         80   h1_alloc.o
        52          0          0          0          0         68   h1_extend.o
        78          0          0          0          0         80   h1_free.o
        14          0          0          0          0         84   h1_init.o
         8          0          0          0          0         84   heapauxmm.o
         4          0          0          0          0        136   hguard.o
         0          0          0          0          0          0   indicate_semi.o
        36         10          0          0          0         80   init_aeabi.o
       138          0          0          0          0        168   init_alloc.o
       312         46          0          0          0        112   initio.o
        18          0          0          0          0         76   isspace.o
        44         10        272          0          0         76   lc_ctype_c.o
        44         10         28          0          0         76   lc_numeric_c.o
         2          0          0          0          0          0   libinit.o
        54          0          0          0          0          0   libinit2.o
         0          0          0          0          0          0   libshutdown2.o
       138          0          0          0          0         80   lludiv10.o
         0          0          0          0          0          0   maybetermalloc1.o
       112         18          0          0        228        160   rand.o
        16          4          0          0          0         76   rt_ctype_table.o
         8          4          0          0          4         68   rt_ddtor_pointer_addr.o
         8          4          0          0          4         68   rt_eh_globals_addr.o
         8          4          0          0          4         68   rt_errno_addr.o
         8          4          0          0          4         68   rt_heap_descriptor.o
         8          4          0          0         20         68   rt_locale.o
        68          0          0          0          0         68   rt_memclr.o
        78          0          0          0          0         80   rt_memclr_w.o
         8          4          0          0          4         68   rt_new_handler_addr.o
        44          8          0          0          0         84   scanf_char.o
        20          0          0          0          0         68   setbuf.o
        70          0          0          0          0         80   setvbuf.o
       240          6          0          0          0        156   stdio.o
         0          0          0         12        252          0   stdio_streams.o
       128          0          0          0          0         68   strcmpv7m.o
        62          0          0          0          0         76   strlen.o
       150          0          0          0          0         80   strncmp.o
        12          4          0          0          0         68   sys_exit.o
        14          0          0          0          0         76   sys_wrch.o
         2          0          0          0          0         68   use_no_semi.o
        10          0          0          0          0         68   vfprintf.o
        80         12          0          0          0        104   arm_exceptions_globs.o
        60          0          0          0          0        108   arm_exceptions_mem.o
        26          0          0          0          0         76   arm_exceptions_terminate.o
         4          0          0          0          0         68   arm_newhandler_noexceptions.o
        16          0          0          0          0         68   cxa_guard_acquire.o
        40          6          0          0          0         76   new.o
         6          0          0          0          0         68   pure_virt.o
      1192         10       1319          0          0      21140   adafruit_gfx.o
       512         74        112          8          0      44904   display.o
      1810         52         28          0       1024      23676   ealcdboard.o
       488         58         28          0          0      40520   ealcdboardgpio.o
       252          4         44          0          0       5020   gfxfb.o
      1026         62          0          1          0       6592   lcdcontroller.o
      1694         98          0         16          0       7580   sdram.o
        12          0          0          0          0        116   dretinf.o
        86          4          0          0          0        132   f2d.o
       140          4          0          0          0        132   fnaninf.o
        10          0          0          0          0        116   fpinit.o
         4          0          0          0          0        116   printf1.o
         4          0          0          0          0        116   printf2.o
         0          0          0          0          0          0   usenofp.o
       336         56          0          0          0        136   cosf.o
        48          0          0          0          0        124   fpclassify.o
        38          0          0          0          0        116   fpclassifyf.o
        38         12          0          0          0        348   funder.o
       340         24         32          0          0        160   rredf.o
       400         56          0          0          0        212   sinf.o
        58          0          0          0          0        136   sqrtf.o
        76         54          0          0          0        683   assert.o
       244         82          0          0          0       1255   board.o
        32          4          0          0          0       1124   error.o
       102         12         16          4          0       2056   filebase.o
       102         10         60          0          0       3712   filelike.o
       212          0          0          0          0       6600   filepath.o
       296         82          0          0          0      32716   gpio.o
       330        154          0          0          0       3558   gpio_api.o
       192         16          0          4          0       4544   i2c.o
      1006        122        296          0          0      12221   i2c_api.o
       256        148          0          0          0       1854   pinmap.o
       256         76          0          0          0       3108   pinmap_common.o
       438         68        466          4          0       4307   pwmout_api.o
       686         68         67          0         64      16242   retarget.o
      1040        144        498         16          0       7207   serial_api.o
       184         14         68          0          0      37408   stream.o
       112          0         20          0          0       6040   ticker.o
       282          0          0          0          0       3884   ticker_api.o
       118         16         20          0          0       2768   timerevent.o
       196         48          0          4          0      29940   us_ticker.o
        24         10         28          8          0       1649   us_ticker_api.o
        82          4          0          0          0       3267   wait_api.o

    ----------------------------------------------------------------------
     26472       2230       3664         80       1608     346355   Library Totals
        44          0         11          3          0          0   (incl. Padding)

    ----------------------------------------------------------------------

      Code (inc. data)   RO Data    RW Data    ZI Data      Debug   Library Name

     11442        566        551         12        520       8252   c_w.l
       232         18          0          0          0        568   cpprt_w.l
      6974        358       1531         25       1024     149432   ebb.lib
       256          8          0          0          0        728   fz_wm.l
      1258        148         32          0          0       1232   m_wm.l
      6266       1132       1539         40         64     186143   mbed.lib

    ----------------------------------------------------------------------
     26472       2230       3664         80       1608     346355   Library Totals

    ----------------------------------------------------------------------

==============================================================================


      Code (inc. data)   RO Data    RW Data    ZI Data      Debug   

     32444       2932       4232      40960       2700     459212   Grand Totals
     32444       2932       4232       2952       2700     459212   ELF Image Totals (compressed)
     32444       2932       4232       2952          0          0   ROM Totals

==============================================================================

    Total RO  Size (Code + RO Data)                36676 (  35.82kB)
    Total RW  Size (RW Data + ZI Data)             43660 (  42.64kB)
    Total ROM Size (Code + RO Data + RW Data)      39628 (  38.70kB)

==============================================================================

